{"timestamp":"2026-01-19T18:21:05.880600Z","level":"info","event":"DAG bundles loaded: dags-folder","logger":"airflow.dag_processing.bundles.manager.DagBundlesManager","filename":"manager.py","lineno":179}
{"timestamp":"2026-01-19T18:21:05.883878Z","level":"info","event":"Filling up the DagBag from /opt/airflow/dags/dbt_pipeline.py","logger":"airflow.models.dagbag.DagBag","filename":"dagbag.py","lineno":593}
{"timestamp":"2026-01-19T18:21:06.323130Z","level":"info","event":"Starting docker container from image deelenv/amazon-reviews-dbt:latest","logger":"airflow.task.operators.airflow.providers.docker.operators.docker.DockerOperator","filename":"docker.py","lineno":355}
{"timestamp":"2026-01-19T18:21:08.418256Z","level":"info","event":"\u001b[0m18:21:08  Running with dbt=1.11.2","logger":"airflow.task.operators.airflow.providers.docker.operators.docker.DockerOperator","filename":"docker.py","lineno":66}
{"timestamp":"2026-01-19T18:21:09.282340Z","level":"info","event":"\u001b[0m18:21:09  Registered adapter: snowflake=1.11.1","logger":"airflow.task.operators.airflow.providers.docker.operators.docker.DockerOperator","filename":"docker.py","lineno":66}
{"timestamp":"2026-01-19T18:21:09.676095Z","level":"info","event":"\u001b[0m18:21:09  Found 3 models, 1 operation, 2 sources, 524 macros","logger":"airflow.task.operators.airflow.providers.docker.operators.docker.DockerOperator","filename":"docker.py","lineno":66}
{"timestamp":"2026-01-19T18:21:09.678576Z","level":"info","event":"\u001b[0m18:21:09","logger":"airflow.task.operators.airflow.providers.docker.operators.docker.DockerOperator","filename":"docker.py","lineno":66}
{"timestamp":"2026-01-19T18:21:09.678908Z","level":"info","event":"\u001b[0m18:21:09  Concurrency: 4 threads (target='dev')","logger":"airflow.task.operators.airflow.providers.docker.operators.docker.DockerOperator","filename":"docker.py","lineno":66}
{"timestamp":"2026-01-19T18:21:09.679043Z","level":"info","event":"\u001b[0m18:21:09","logger":"airflow.task.operators.airflow.providers.docker.operators.docker.DockerOperator","filename":"docker.py","lineno":66}
{"timestamp":"2026-01-19T18:21:14.887046Z","level":"info","event":"\u001b[0m18:21:14  1 of 1 START hook: reviews_pipeline_orchestration.on-run-start.0 ............... [RUN]","logger":"airflow.task.operators.airflow.providers.docker.operators.docker.DockerOperator","filename":"docker.py","lineno":66}
{"timestamp":"2026-01-19T18:21:14.888007Z","level":"info","event":"\u001b[0m18:21:14  1 of 1 OK hook: reviews_pipeline_orchestration.on-run-start.0 .................. [\u001b[32mOK\u001b[0m in 1.65s]","logger":"airflow.task.operators.airflow.providers.docker.operators.docker.DockerOperator","filename":"docker.py","lineno":66}
{"timestamp":"2026-01-19T18:21:14.888106Z","level":"info","event":"\u001b[0m18:21:14","logger":"airflow.task.operators.airflow.providers.docker.operators.docker.DockerOperator","filename":"docker.py","lineno":66}
{"timestamp":"2026-01-19T18:21:14.895024Z","level":"info","event":"\u001b[0m18:21:14  1 of 3 START sql table model CAPSTONE_AMAZON_STG.stg_meta ...................... [RUN]","logger":"airflow.task.operators.airflow.providers.docker.operators.docker.DockerOperator","filename":"docker.py","lineno":66}
{"timestamp":"2026-01-19T18:21:14.895196Z","level":"info","event":"\u001b[0m18:21:14  2 of 3 START sql table model CAPSTONE_AMAZON_STG.stg_reviews ................... [RUN]","logger":"airflow.task.operators.airflow.providers.docker.operators.docker.DockerOperator","filename":"docker.py","lineno":66}
{"timestamp":"2026-01-19T18:22:10.289743Z","level":"info","event":"\u001b[0m18:22:10  2 of 3 OK created sql table model CAPSTONE_AMAZON_STG.stg_reviews .............. [\u001b[32mSUCCESS 1\u001b[0m in 55.38s]","logger":"airflow.task.operators.airflow.providers.docker.operators.docker.DockerOperator","filename":"docker.py","lineno":66}
{"timestamp":"2026-01-19T18:22:44.849291Z","level":"info","event":"\u001b[0m18:22:44  1 of 3 OK created sql table model CAPSTONE_AMAZON_STG.stg_meta ................. [\u001b[32mSUCCESS 1\u001b[0m in 89.95s]","logger":"airflow.task.operators.airflow.providers.docker.operators.docker.DockerOperator","filename":"docker.py","lineno":66}
{"timestamp":"2026-01-19T18:22:44.851766Z","level":"info","event":"\u001b[0m18:22:44  3 of 3 START sql table model CAPSTONE_AMAZON_MART.mart_avg_rating_by_store_year  [RUN]","logger":"airflow.task.operators.airflow.providers.docker.operators.docker.DockerOperator","filename":"docker.py","lineno":66}
{"timestamp":"2026-01-19T18:22:46.686295Z","level":"info","event":"\u001b[0m18:22:46  3 of 3 OK created sql table model CAPSTONE_AMAZON_MART.mart_avg_rating_by_store_year  [\u001b[32mSUCCESS 1\u001b[0m in 1.83s]","logger":"airflow.task.operators.airflow.providers.docker.operators.docker.DockerOperator","filename":"docker.py","lineno":66}
{"timestamp":"2026-01-19T18:22:47.317909Z","level":"info","event":"\u001b[0m18:22:47","logger":"airflow.task.operators.airflow.providers.docker.operators.docker.DockerOperator","filename":"docker.py","lineno":66}
{"timestamp":"2026-01-19T18:22:47.318301Z","level":"info","event":"\u001b[0m18:22:47  Finished running 1 project hook, 3 table models in 0 hours 1 minutes and 37.64 seconds (97.64s).","logger":"airflow.task.operators.airflow.providers.docker.operators.docker.DockerOperator","filename":"docker.py","lineno":66}
{"timestamp":"2026-01-19T18:22:47.347343Z","level":"info","event":"\u001b[0m18:22:47","logger":"airflow.task.operators.airflow.providers.docker.operators.docker.DockerOperator","filename":"docker.py","lineno":66}
{"timestamp":"2026-01-19T18:22:47.347448Z","level":"info","event":"\u001b[0m18:22:47  \u001b[32mCompleted successfully\u001b[0m","logger":"airflow.task.operators.airflow.providers.docker.operators.docker.DockerOperator","filename":"docker.py","lineno":66}
{"timestamp":"2026-01-19T18:22:47.347581Z","level":"info","event":"\u001b[0m18:22:47","logger":"airflow.task.operators.airflow.providers.docker.operators.docker.DockerOperator","filename":"docker.py","lineno":66}
{"timestamp":"2026-01-19T18:22:47.347709Z","level":"info","event":"\u001b[0m18:22:47  Done. PASS=4 WARN=0 ERROR=0 SKIP=0 NO-OP=0 TOTAL=4","logger":"airflow.task.operators.airflow.providers.docker.operators.docker.DockerOperator","filename":"docker.py","lineno":66}
{"timestamp":"2026-01-19T18:22:49.920725Z","level":"info","event":"Pushing xcom","ti":"RuntimeTaskInstance(id=UUID('019bd77d-3025-7e82-8797-353f324a02d7'), task_id='dbt_run', dag_id='capstone_dbt_polling_debug', run_id='manual__2026-01-19T18:21:02+00:00', try_number=1, dag_version_id=UUID('019bd77a-9c80-7b72-beb5-d620f2501dd9'), map_index=-1, hostname='44a05eb5b89e', context_carrier={}, task=<Task(DockerOperator): dbt_run>, bundle_instance=LocalDagBundle(name=dags-folder), max_tries=0, start_date=datetime.datetime(2026, 1, 19, 18, 21, 5, 581154, tzinfo=datetime.timezone.utc), end_date=None, state=<TaskInstanceState.RUNNING: 'running'>, is_mapped=False, rendered_map_index=None)","logger":"task","filename":"task_runner.py","lineno":1352}
