{"timestamp":"2026-01-19T18:13:03.227260Z","level":"info","event":"DAG bundles loaded: dags-folder","logger":"airflow.dag_processing.bundles.manager.DagBundlesManager","filename":"manager.py","lineno":179}
{"timestamp":"2026-01-19T18:13:03.227676Z","level":"info","event":"Filling up the DagBag from /opt/airflow/dags/dbt_pipeline.py","logger":"airflow.models.dagbag.DagBag","filename":"dagbag.py","lineno":593}
{"timestamp":"2026-01-19T18:13:03.377648Z","level":"info","event":"Starting docker container from image deelenv/amazon-reviews-dbt:latest","logger":"airflow.task.operators.airflow.providers.docker.operators.docker.DockerOperator","filename":"docker.py","lineno":355}
{"timestamp":"2026-01-19T18:13:05.192944Z","level":"info","event":"\u001b[0m18:13:05  Running with dbt=1.11.2","logger":"airflow.task.operators.airflow.providers.docker.operators.docker.DockerOperator","filename":"docker.py","lineno":66}
{"timestamp":"2026-01-19T18:13:05.506601Z","level":"info","event":"\u001b[0m18:13:05  Registered adapter: snowflake=1.11.1","logger":"airflow.task.operators.airflow.providers.docker.operators.docker.DockerOperator","filename":"docker.py","lineno":66}
{"timestamp":"2026-01-19T18:13:05.675072Z","level":"info","event":"\u001b[0m18:13:05  Found 3 models, 1 operation, 2 sources, 524 macros","logger":"airflow.task.operators.airflow.providers.docker.operators.docker.DockerOperator","filename":"docker.py","lineno":66}
{"timestamp":"2026-01-19T18:13:05.675991Z","level":"info","event":"\u001b[0m18:13:05","logger":"airflow.task.operators.airflow.providers.docker.operators.docker.DockerOperator","filename":"docker.py","lineno":66}
{"timestamp":"2026-01-19T18:13:05.676129Z","level":"info","event":"\u001b[0m18:13:05  Concurrency: 4 threads (target='dev')","logger":"airflow.task.operators.airflow.providers.docker.operators.docker.DockerOperator","filename":"docker.py","lineno":66}
{"timestamp":"2026-01-19T18:13:05.676474Z","level":"info","event":"\u001b[0m18:13:05","logger":"airflow.task.operators.airflow.providers.docker.operators.docker.DockerOperator","filename":"docker.py","lineno":66}
{"timestamp":"2026-01-19T18:13:11.604662Z","level":"info","event":"\u001b[0m18:13:11  1 of 1 START hook: reviews_pipeline_orchestration.on-run-start.0 ............... [RUN]","logger":"airflow.task.operators.airflow.providers.docker.operators.docker.DockerOperator","filename":"docker.py","lineno":66}
{"timestamp":"2026-01-19T18:13:11.606443Z","level":"info","event":"\u001b[0m18:13:11  1 of 1 OK hook: reviews_pipeline_orchestration.on-run-start.0 .................. [\u001b[32mOK\u001b[0m in 2.56s]","logger":"airflow.task.operators.airflow.providers.docker.operators.docker.DockerOperator","filename":"docker.py","lineno":66}
{"timestamp":"2026-01-19T18:13:11.606532Z","level":"info","event":"\u001b[0m18:13:11","logger":"airflow.task.operators.airflow.providers.docker.operators.docker.DockerOperator","filename":"docker.py","lineno":66}
{"timestamp":"2026-01-19T18:13:11.608644Z","level":"info","event":"\u001b[0m18:13:11  1 of 3 START sql table model CAPSTONE_AMAZON_STG.stg_meta ...................... [RUN]","logger":"airflow.task.operators.airflow.providers.docker.operators.docker.DockerOperator","filename":"docker.py","lineno":66}
{"timestamp":"2026-01-19T18:13:11.609562Z","level":"info","event":"\u001b[0m18:13:11  2 of 3 START sql table model CAPSTONE_AMAZON_STG.stg_reviews ................... [RUN]","logger":"airflow.task.operators.airflow.providers.docker.operators.docker.DockerOperator","filename":"docker.py","lineno":66}
{"timestamp":"2026-01-19T18:14:08.613376Z","level":"info","event":"\u001b[0m18:14:08  2 of 3 OK created sql table model CAPSTONE_AMAZON_STG.stg_reviews .............. [\u001b[32mSUCCESS 1\u001b[0m in 56.99s]","logger":"airflow.task.operators.airflow.providers.docker.operators.docker.DockerOperator","filename":"docker.py","lineno":66}
{"timestamp":"2026-01-19T18:14:44.643919Z","level":"info","event":"\u001b[0m18:14:44  1 of 3 OK created sql table model CAPSTONE_AMAZON_STG.stg_meta ................. [\u001b[32mSUCCESS 1\u001b[0m in 93.03s]","logger":"airflow.task.operators.airflow.providers.docker.operators.docker.DockerOperator","filename":"docker.py","lineno":66}
{"timestamp":"2026-01-19T18:14:44.653383Z","level":"info","event":"\u001b[0m18:14:44  3 of 3 START sql table model CAPSTONE_AMAZON_MART.mart_avg_rating_by_store_year  [RUN]","logger":"airflow.task.operators.airflow.providers.docker.operators.docker.DockerOperator","filename":"docker.py","lineno":66}
{"timestamp":"2026-01-19T18:14:46.525003Z","level":"info","event":"\u001b[0m18:14:46  3 of 3 OK created sql table model CAPSTONE_AMAZON_MART.mart_avg_rating_by_store_year  [\u001b[32mSUCCESS 1\u001b[0m in 1.87s]","logger":"airflow.task.operators.airflow.providers.docker.operators.docker.DockerOperator","filename":"docker.py","lineno":66}
{"timestamp":"2026-01-19T18:14:47.007840Z","level":"info","event":"\u001b[0m18:14:47","logger":"airflow.task.operators.airflow.providers.docker.operators.docker.DockerOperator","filename":"docker.py","lineno":66}
{"timestamp":"2026-01-19T18:14:47.008021Z","level":"info","event":"\u001b[0m18:14:47  Finished running 1 project hook, 3 table models in 0 hours 1 minutes and 41.33 seconds (101.33s).","logger":"airflow.task.operators.airflow.providers.docker.operators.docker.DockerOperator","filename":"docker.py","lineno":66}
{"timestamp":"2026-01-19T18:14:47.037280Z","level":"info","event":"\u001b[0m18:14:47","logger":"airflow.task.operators.airflow.providers.docker.operators.docker.DockerOperator","filename":"docker.py","lineno":66}
{"timestamp":"2026-01-19T18:14:47.037447Z","level":"info","event":"\u001b[0m18:14:47  \u001b[32mCompleted successfully\u001b[0m","logger":"airflow.task.operators.airflow.providers.docker.operators.docker.DockerOperator","filename":"docker.py","lineno":66}
{"timestamp":"2026-01-19T18:14:47.037522Z","level":"info","event":"\u001b[0m18:14:47","logger":"airflow.task.operators.airflow.providers.docker.operators.docker.DockerOperator","filename":"docker.py","lineno":66}
{"timestamp":"2026-01-19T18:14:47.037694Z","level":"info","event":"\u001b[0m18:14:47  Done. PASS=4 WARN=0 ERROR=0 SKIP=0 NO-OP=0 TOTAL=4","logger":"airflow.task.operators.airflow.providers.docker.operators.docker.DockerOperator","filename":"docker.py","lineno":66}
{"timestamp":"2026-01-19T18:14:50.247489Z","level":"info","event":"Pushing xcom","ti":"RuntimeTaskInstance(id=UUID('019bd775-ab4f-7ec9-af45-7300ecd38faf'), task_id='dbt_run', dag_id='capstone_dbt_polling_debug', run_id='manual__2026-01-19T18:12:49+00:00', try_number=1, dag_version_id=UUID('019bd76f-9ccf-71a5-a735-081133c0f1c4'), map_index=-1, hostname='44a05eb5b89e', context_carrier={}, task=<Task(DockerOperator): dbt_run>, bundle_instance=LocalDagBundle(name=dags-folder), max_tries=0, start_date=datetime.datetime(2026, 1, 19, 18, 13, 3, 142372, tzinfo=datetime.timezone.utc), end_date=None, state=<TaskInstanceState.RUNNING: 'running'>, is_mapped=False, rendered_map_index=None)","logger":"task","filename":"task_runner.py","lineno":1352}
