{"timestamp":"2026-01-19T18:51:43.538778Z","level":"info","event":"DAG bundles loaded: dags-folder","logger":"airflow.dag_processing.bundles.manager.DagBundlesManager","filename":"manager.py","lineno":179}
{"timestamp":"2026-01-19T18:51:43.539478Z","level":"info","event":"Filling up the DagBag from /opt/airflow/dags/dbt_pipeline.py","logger":"airflow.models.dagbag.DagBag","filename":"dagbag.py","lineno":593}
{"timestamp":"2026-01-19T18:51:43.670582Z","level":"info","event":"Poking callable: <function latest_execution_succeeded at 0xffff863e14e0>","logger":"airflow.task.operators.airflow.providers.standard.sensors.python.PythonSensor","filename":"python.py","lineno":79}
{"timestamp":"2026-01-19T18:51:43.675694Z","level":"info","event":"Found credentials in environment variables.","logger":"botocore.credentials","filename":"credentials.py","lineno":1224}
{"timestamp":"2026-01-19T18:51:44.621901Z","level":"info","event":"Rescheduling task, marking task as UP_FOR_RESCHEDULE","logger":"task","filename":"task_runner.py","lineno":953}
{"timestamp":"2026-01-19T18:52:45.974024Z","level":"info","event":"DAG bundles loaded: dags-folder","logger":"airflow.dag_processing.bundles.manager.DagBundlesManager","filename":"manager.py","lineno":179}
{"timestamp":"2026-01-19T18:52:45.975157Z","level":"info","event":"Filling up the DagBag from /opt/airflow/dags/dbt_pipeline.py","logger":"airflow.models.dagbag.DagBag","filename":"dagbag.py","lineno":593}
{"timestamp":"2026-01-19T18:52:46.131440Z","level":"info","event":"Poking callable: <function latest_execution_succeeded at 0xffff863dd3a0>","logger":"airflow.task.operators.airflow.providers.standard.sensors.python.PythonSensor","filename":"python.py","lineno":79}
{"timestamp":"2026-01-19T18:52:46.136751Z","level":"info","event":"Found credentials in environment variables.","logger":"botocore.credentials","filename":"credentials.py","lineno":1224}
{"timestamp":"2026-01-19T18:52:46.994842Z","level":"info","event":"Rescheduling task, marking task as UP_FOR_RESCHEDULE","logger":"task","filename":"task_runner.py","lineno":953}
{"timestamp":"2026-01-19T18:53:47.743068Z","level":"info","event":"DAG bundles loaded: dags-folder","logger":"airflow.dag_processing.bundles.manager.DagBundlesManager","filename":"manager.py","lineno":179}
{"timestamp":"2026-01-19T18:53:47.743757Z","level":"info","event":"Filling up the DagBag from /opt/airflow/dags/dbt_pipeline.py","logger":"airflow.models.dagbag.DagBag","filename":"dagbag.py","lineno":593}
{"timestamp":"2026-01-19T18:53:47.897464Z","level":"info","event":"Poking callable: <function latest_execution_succeeded at 0xffff863d9940>","logger":"airflow.task.operators.airflow.providers.standard.sensors.python.PythonSensor","filename":"python.py","lineno":79}
{"timestamp":"2026-01-19T18:53:47.902479Z","level":"info","event":"Found credentials in environment variables.","logger":"botocore.credentials","filename":"credentials.py","lineno":1224}
{"timestamp":"2026-01-19T18:53:48.810604Z","level":"info","event":"Rescheduling task, marking task as UP_FOR_RESCHEDULE","logger":"task","filename":"task_runner.py","lineno":953}
{"timestamp":"2026-01-19T18:54:49.539495Z","level":"info","event":"DAG bundles loaded: dags-folder","logger":"airflow.dag_processing.bundles.manager.DagBundlesManager","filename":"manager.py","lineno":179}
{"timestamp":"2026-01-19T18:54:49.540150Z","level":"info","event":"Filling up the DagBag from /opt/airflow/dags/dbt_pipeline.py","logger":"airflow.models.dagbag.DagBag","filename":"dagbag.py","lineno":593}
{"timestamp":"2026-01-19T18:54:49.683229Z","level":"info","event":"Poking callable: <function latest_execution_succeeded at 0xffff863d9a80>","logger":"airflow.task.operators.airflow.providers.standard.sensors.python.PythonSensor","filename":"python.py","lineno":79}
{"timestamp":"2026-01-19T18:54:49.688490Z","level":"info","event":"Found credentials in environment variables.","logger":"botocore.credentials","filename":"credentials.py","lineno":1224}
{"timestamp":"2026-01-19T18:54:50.388731Z","level":"info","event":"Rescheduling task, marking task as UP_FOR_RESCHEDULE","logger":"task","filename":"task_runner.py","lineno":953}
