{"timestamp":"2026-01-22T13:15:41.484400Z","level":"info","event":"DAG bundles loaded: dags-folder","logger":"airflow.dag_processing.bundles.manager.DagBundlesManager","filename":"manager.py","lineno":179}
{"timestamp":"2026-01-22T13:15:41.485313Z","level":"info","event":"Filling up the DagBag from /opt/airflow/dags/dbt_pipeline_polling.py","logger":"airflow.models.dagbag.DagBag","filename":"dagbag.py","lineno":593}
{"timestamp":"2026-01-22T13:15:41.711091Z","level":"info","event":"Starting docker container from image deelenv/amazon-reviews-dbt:latest","logger":"airflow.task.operators.airflow.providers.docker.operators.docker.DockerOperator","filename":"docker.py","lineno":355}
{"timestamp":"2026-01-22T13:15:42.854802Z","level":"info","event":"\u001b[0m13:15:42  Running with dbt=1.11.2","logger":"airflow.task.operators.airflow.providers.docker.operators.docker.DockerOperator","filename":"docker.py","lineno":66}
{"timestamp":"2026-01-22T13:15:43.115857Z","level":"info","event":"\u001b[0m13:15:43  Registered adapter: snowflake=1.11.1","logger":"airflow.task.operators.airflow.providers.docker.operators.docker.DockerOperator","filename":"docker.py","lineno":66}
{"timestamp":"2026-01-22T13:15:43.302504Z","level":"info","event":"\u001b[0m13:15:43  Found 1 operation, 3 models, 8 data tests, 2 sources, 524 macros","logger":"airflow.task.operators.airflow.providers.docker.operators.docker.DockerOperator","filename":"docker.py","lineno":66}
{"timestamp":"2026-01-22T13:15:43.303485Z","level":"info","event":"\u001b[0m13:15:43","logger":"airflow.task.operators.airflow.providers.docker.operators.docker.DockerOperator","filename":"docker.py","lineno":66}
{"timestamp":"2026-01-22T13:15:43.303543Z","level":"info","event":"\u001b[0m13:15:43  Concurrency: 4 threads (target='dev')","logger":"airflow.task.operators.airflow.providers.docker.operators.docker.DockerOperator","filename":"docker.py","lineno":66}
{"timestamp":"2026-01-22T13:15:43.303618Z","level":"info","event":"\u001b[0m13:15:43","logger":"airflow.task.operators.airflow.providers.docker.operators.docker.DockerOperator","filename":"docker.py","lineno":66}
{"timestamp":"2026-01-22T13:15:47.416173Z","level":"info","event":"\u001b[0m13:15:47  1 of 1 START hook: reviews_pipeline_orchestration.on-run-start.0 ............... [RUN]","logger":"airflow.task.operators.airflow.providers.docker.operators.docker.DockerOperator","filename":"docker.py","lineno":66}
{"timestamp":"2026-01-22T13:15:47.416704Z","level":"info","event":"\u001b[0m13:15:47  1 of 1 OK hook: reviews_pipeline_orchestration.on-run-start.0 .................. [\u001b[32mOK\u001b[0m in 2.58s]","logger":"airflow.task.operators.airflow.providers.docker.operators.docker.DockerOperator","filename":"docker.py","lineno":66}
{"timestamp":"2026-01-22T13:15:47.416811Z","level":"info","event":"\u001b[0m13:15:47","logger":"airflow.task.operators.airflow.providers.docker.operators.docker.DockerOperator","filename":"docker.py","lineno":66}
{"timestamp":"2026-01-22T13:15:47.422352Z","level":"info","event":"\u001b[0m13:15:47  1 of 3 START sql table model CAPSTONE_AMAZON_STG.stg_meta ...................... [RUN]","logger":"airflow.task.operators.airflow.providers.docker.operators.docker.DockerOperator","filename":"docker.py","lineno":66}
{"timestamp":"2026-01-22T13:15:47.422741Z","level":"info","event":"\u001b[0m13:15:47  2 of 3 START sql table model CAPSTONE_AMAZON_STG.stg_reviews ................... [RUN]","logger":"airflow.task.operators.airflow.providers.docker.operators.docker.DockerOperator","filename":"docker.py","lineno":66}
{"timestamp":"2026-01-22T13:16:44.064047Z","level":"info","event":"\u001b[0m13:16:44  2 of 3 OK created sql table model CAPSTONE_AMAZON_STG.stg_reviews .............. [\u001b[32mSUCCESS 1\u001b[0m in 56.63s]","logger":"airflow.task.operators.airflow.providers.docker.operators.docker.DockerOperator","filename":"docker.py","lineno":66}
{"timestamp":"2026-01-22T13:17:17.667384Z","level":"info","event":"\u001b[0m13:17:17  1 of 3 OK created sql table model CAPSTONE_AMAZON_STG.stg_meta ................. [\u001b[32mSUCCESS 1\u001b[0m in 90.23s]","logger":"airflow.task.operators.airflow.providers.docker.operators.docker.DockerOperator","filename":"docker.py","lineno":66}
{"timestamp":"2026-01-22T13:17:17.669631Z","level":"info","event":"\u001b[0m13:17:17  3 of 3 START sql table model CAPSTONE_AMAZON_MART.mart_avg_rating_by_store_year  [RUN]","logger":"airflow.task.operators.airflow.providers.docker.operators.docker.DockerOperator","filename":"docker.py","lineno":66}
{"timestamp":"2026-01-22T13:17:19.535496Z","level":"info","event":"\u001b[0m13:17:19  3 of 3 OK created sql table model CAPSTONE_AMAZON_MART.mart_avg_rating_by_store_year  [\u001b[32mSUCCESS 1\u001b[0m in 1.86s]","logger":"airflow.task.operators.airflow.providers.docker.operators.docker.DockerOperator","filename":"docker.py","lineno":66}
{"timestamp":"2026-01-22T13:17:19.996216Z","level":"info","event":"\u001b[0m13:17:19","logger":"airflow.task.operators.airflow.providers.docker.operators.docker.DockerOperator","filename":"docker.py","lineno":66}
{"timestamp":"2026-01-22T13:17:19.996550Z","level":"info","event":"\u001b[0m13:17:19  Finished running 1 project hook, 3 table models in 0 hours 1 minutes and 36.69 seconds (96.69s).","logger":"airflow.task.operators.airflow.providers.docker.operators.docker.DockerOperator","filename":"docker.py","lineno":66}
{"timestamp":"2026-01-22T13:17:20.131682Z","level":"info","event":"\u001b[0m13:17:20","logger":"airflow.task.operators.airflow.providers.docker.operators.docker.DockerOperator","filename":"docker.py","lineno":66}
{"timestamp":"2026-01-22T13:17:20.131843Z","level":"info","event":"\u001b[0m13:17:20  \u001b[32mCompleted successfully\u001b[0m","logger":"airflow.task.operators.airflow.providers.docker.operators.docker.DockerOperator","filename":"docker.py","lineno":66}
{"timestamp":"2026-01-22T13:17:20.131894Z","level":"info","event":"\u001b[0m13:17:20","logger":"airflow.task.operators.airflow.providers.docker.operators.docker.DockerOperator","filename":"docker.py","lineno":66}
{"timestamp":"2026-01-22T13:17:20.131929Z","level":"info","event":"\u001b[0m13:17:20  Done. PASS=4 WARN=0 ERROR=0 SKIP=0 NO-OP=0 TOTAL=4","logger":"airflow.task.operators.airflow.providers.docker.operators.docker.DockerOperator","filename":"docker.py","lineno":66}
{"timestamp":"2026-01-22T13:17:21.227043Z","level":"info","event":"Pushing xcom","ti":"RuntimeTaskInstance(id=UUID('019be5ca-6305-708d-9383-80c57b603cca'), task_id='dbt_run', dag_id='capstone_dbt_polling', run_id='scheduled__2026-01-22T13:00:00+00:00', try_number=1, dag_version_id=UUID('019bdc0c-c68d-78e1-bf25-c1941b809fd7'), map_index=-1, hostname='054afb12e290', context_carrier={}, task=<Task(DockerOperator): dbt_run>, bundle_instance=LocalDagBundle(name=dags-folder), max_tries=0, start_date=datetime.datetime(2026, 1, 22, 13, 15, 41, 374749, tzinfo=datetime.timezone.utc), end_date=None, state=<TaskInstanceState.RUNNING: 'running'>, is_mapped=False, rendered_map_index=None)","logger":"task","filename":"task_runner.py","lineno":1352}
