{"timestamp":"2026-01-21T14:00:00.740657Z","level":"info","event":"DAG bundles loaded: dags-folder","logger":"airflow.dag_processing.bundles.manager.DagBundlesManager","filename":"manager.py","lineno":179}
{"timestamp":"2026-01-21T14:00:00.741220Z","level":"info","event":"Filling up the DagBag from /opt/airflow/dags/dbt_pipeline_polling.py","logger":"airflow.models.dagbag.DagBag","filename":"dagbag.py","lineno":593}
{"timestamp":"2026-01-21T14:00:00.834741Z","level":"info","event":"Poking callable: <function latest_execution_succeeded at 0xffff73452660>","logger":"airflow.task.operators.airflow.providers.standard.sensors.python.PythonSensor","filename":"python.py","lineno":79}
{"timestamp":"2026-01-21T14:00:00.839065Z","level":"info","event":"Found credentials in environment variables.","logger":"botocore.credentials","filename":"credentials.py","lineno":1224}
{"timestamp":"2026-01-21T14:00:01.718799Z","level":"info","event":"Rescheduling task, marking task as UP_FOR_RESCHEDULE","logger":"task","filename":"task_runner.py","lineno":953}
{"timestamp":"2026-01-21T14:05:02.631701Z","level":"info","event":"DAG bundles loaded: dags-folder","logger":"airflow.dag_processing.bundles.manager.DagBundlesManager","filename":"manager.py","lineno":179}
{"timestamp":"2026-01-21T14:05:02.632197Z","level":"info","event":"Filling up the DagBag from /opt/airflow/dags/dbt_pipeline_polling.py","logger":"airflow.models.dagbag.DagBag","filename":"dagbag.py","lineno":593}
{"timestamp":"2026-01-21T14:05:02.736763Z","level":"info","event":"Poking callable: <function latest_execution_succeeded at 0xffff734525c0>","logger":"airflow.task.operators.airflow.providers.standard.sensors.python.PythonSensor","filename":"python.py","lineno":79}
{"timestamp":"2026-01-21T14:05:02.741087Z","level":"info","event":"Found credentials in environment variables.","logger":"botocore.credentials","filename":"credentials.py","lineno":1224}
{"timestamp":"2026-01-21T14:05:03.500941Z","level":"info","event":"Rescheduling task, marking task as UP_FOR_RESCHEDULE","logger":"task","filename":"task_runner.py","lineno":953}
{"timestamp":"2026-01-21T14:10:04.055522Z","level":"info","event":"DAG bundles loaded: dags-folder","logger":"airflow.dag_processing.bundles.manager.DagBundlesManager","filename":"manager.py","lineno":179}
{"timestamp":"2026-01-21T14:10:04.055930Z","level":"info","event":"Filling up the DagBag from /opt/airflow/dags/dbt_pipeline_polling.py","logger":"airflow.models.dagbag.DagBag","filename":"dagbag.py","lineno":593}
{"timestamp":"2026-01-21T14:10:04.172454Z","level":"info","event":"Poking callable: <function latest_execution_succeeded at 0xffff7344e7a0>","logger":"airflow.task.operators.airflow.providers.standard.sensors.python.PythonSensor","filename":"python.py","lineno":79}
{"timestamp":"2026-01-21T14:10:04.177808Z","level":"info","event":"Found credentials in environment variables.","logger":"botocore.credentials","filename":"credentials.py","lineno":1224}
{"timestamp":"2026-01-21T14:10:04.978494Z","level":"info","event":"Rescheduling task, marking task as UP_FOR_RESCHEDULE","logger":"task","filename":"task_runner.py","lineno":953}
{"timestamp":"2026-01-21T14:15:05.603475Z","level":"info","event":"DAG bundles loaded: dags-folder","logger":"airflow.dag_processing.bundles.manager.DagBundlesManager","filename":"manager.py","lineno":179}
{"timestamp":"2026-01-21T14:15:05.604089Z","level":"info","event":"Filling up the DagBag from /opt/airflow/dags/dbt_pipeline_polling.py","logger":"airflow.models.dagbag.DagBag","filename":"dagbag.py","lineno":593}
{"timestamp":"2026-01-21T14:15:05.747182Z","level":"info","event":"Poking callable: <function latest_execution_succeeded at 0xffff7344ab60>","logger":"airflow.task.operators.airflow.providers.standard.sensors.python.PythonSensor","filename":"python.py","lineno":79}
{"timestamp":"2026-01-21T14:15:05.752336Z","level":"info","event":"Found credentials in environment variables.","logger":"botocore.credentials","filename":"credentials.py","lineno":1224}
{"timestamp":"2026-01-21T14:15:06.550763Z","level":"info","event":"Rescheduling task, marking task as UP_FOR_RESCHEDULE","logger":"task","filename":"task_runner.py","lineno":953}
{"timestamp":"2026-01-21T14:20:06.930756Z","level":"info","event":"DAG bundles loaded: dags-folder","logger":"airflow.dag_processing.bundles.manager.DagBundlesManager","filename":"manager.py","lineno":179}
{"timestamp":"2026-01-21T14:20:06.931117Z","level":"info","event":"Filling up the DagBag from /opt/airflow/dags/dbt_pipeline_polling.py","logger":"airflow.models.dagbag.DagBag","filename":"dagbag.py","lineno":593}
{"timestamp":"2026-01-21T14:20:07.036702Z","level":"info","event":"Poking callable: <function latest_execution_succeeded at 0xffff734565c0>","logger":"airflow.task.operators.airflow.providers.standard.sensors.python.PythonSensor","filename":"python.py","lineno":79}
{"timestamp":"2026-01-21T14:20:07.041218Z","level":"info","event":"Found credentials in environment variables.","logger":"botocore.credentials","filename":"credentials.py","lineno":1224}
{"timestamp":"2026-01-21T14:20:07.863687Z","level":"info","event":"Rescheduling task, marking task as UP_FOR_RESCHEDULE","logger":"task","filename":"task_runner.py","lineno":953}
{"timestamp":"2026-01-21T14:25:08.478556Z","level":"info","event":"DAG bundles loaded: dags-folder","logger":"airflow.dag_processing.bundles.manager.DagBundlesManager","filename":"manager.py","lineno":179}
{"timestamp":"2026-01-21T14:25:08.479010Z","level":"info","event":"Filling up the DagBag from /opt/airflow/dags/dbt_pipeline_polling.py","logger":"airflow.models.dagbag.DagBag","filename":"dagbag.py","lineno":593}
{"timestamp":"2026-01-21T14:25:08.595504Z","level":"info","event":"Poking callable: <function latest_execution_succeeded at 0xffff734567a0>","logger":"airflow.task.operators.airflow.providers.standard.sensors.python.PythonSensor","filename":"python.py","lineno":79}
{"timestamp":"2026-01-21T14:25:08.600559Z","level":"info","event":"Found credentials in environment variables.","logger":"botocore.credentials","filename":"credentials.py","lineno":1224}
{"timestamp":"2026-01-21T14:25:09.382763Z","level":"info","event":"Rescheduling task, marking task as UP_FOR_RESCHEDULE","logger":"task","filename":"task_runner.py","lineno":953}
{"timestamp":"2026-01-21T14:30:09.923527Z","level":"info","event":"DAG bundles loaded: dags-folder","logger":"airflow.dag_processing.bundles.manager.DagBundlesManager","filename":"manager.py","lineno":179}
{"timestamp":"2026-01-21T14:30:09.923987Z","level":"info","event":"Filling up the DagBag from /opt/airflow/dags/dbt_pipeline_polling.py","logger":"airflow.models.dagbag.DagBag","filename":"dagbag.py","lineno":593}
{"timestamp":"2026-01-21T14:30:10.045281Z","level":"info","event":"Poking callable: <function latest_execution_succeeded at 0xffff7344e980>","logger":"airflow.task.operators.airflow.providers.standard.sensors.python.PythonSensor","filename":"python.py","lineno":79}
{"timestamp":"2026-01-21T14:30:10.050163Z","level":"info","event":"Found credentials in environment variables.","logger":"botocore.credentials","filename":"credentials.py","lineno":1224}
{"timestamp":"2026-01-21T14:30:10.797144Z","level":"info","event":"Rescheduling task, marking task as UP_FOR_RESCHEDULE","logger":"task","filename":"task_runner.py","lineno":953}
