{"timestamp":"2026-01-19T18:12:54.771539Z","level":"info","event":"DAG bundles loaded: dags-folder","logger":"airflow.dag_processing.bundles.manager.DagBundlesManager","filename":"manager.py","lineno":179}
{"timestamp":"2026-01-19T18:12:54.771756Z","level":"info","event":"Filling up the DagBag from /opt/airflow/dags/dbt_pipeline.py","logger":"airflow.models.dagbag.DagBag","filename":"dagbag.py","lineno":593}
{"timestamp":"2026-01-19T18:12:54.904072Z","level":"info","event":"Starting docker container from image deelenv/amazon-reviews-dbt:latest","logger":"airflow.task.operators.airflow.providers.docker.operators.docker.DockerOperator","filename":"docker.py","lineno":355}
{"timestamp":"2026-01-19T18:12:56.321732Z","level":"info","event":"\u001b[0m18:12:56  Running with dbt=1.11.2","logger":"airflow.task.operators.airflow.providers.docker.operators.docker.DockerOperator","filename":"docker.py","lineno":66}
{"timestamp":"2026-01-19T18:12:56.329892Z","level":"info","event":"\u001b[0m18:12:56  dbt version: 1.11.2","logger":"airflow.task.operators.airflow.providers.docker.operators.docker.DockerOperator","filename":"docker.py","lineno":66}
{"timestamp":"2026-01-19T18:12:56.329980Z","level":"info","event":"\u001b[0m18:12:56  python version: 3.11.14","logger":"airflow.task.operators.airflow.providers.docker.operators.docker.DockerOperator","filename":"docker.py","lineno":66}
{"timestamp":"2026-01-19T18:12:56.330198Z","level":"info","event":"\u001b[0m18:12:56  python path: /usr/local/bin/python3.11","logger":"airflow.task.operators.airflow.providers.docker.operators.docker.DockerOperator","filename":"docker.py","lineno":66}
{"timestamp":"2026-01-19T18:12:56.330377Z","level":"info","event":"\u001b[0m18:12:56  os info: Linux-6.12.54-linuxkit-aarch64-with-glibc2.41","logger":"airflow.task.operators.airflow.providers.docker.operators.docker.DockerOperator","filename":"docker.py","lineno":66}
{"timestamp":"2026-01-19T18:12:56.552107Z","level":"info","event":"\u001b[0m18:12:56  Using profiles dir at /root/.dbt","logger":"airflow.task.operators.airflow.providers.docker.operators.docker.DockerOperator","filename":"docker.py","lineno":66}
{"timestamp":"2026-01-19T18:12:56.552206Z","level":"info","event":"\u001b[0m18:12:56  Using profiles.yml file at /root/.dbt/profiles.yml","logger":"airflow.task.operators.airflow.providers.docker.operators.docker.DockerOperator","filename":"docker.py","lineno":66}
{"timestamp":"2026-01-19T18:12:56.552239Z","level":"info","event":"\u001b[0m18:12:56  Using dbt_project.yml file at /app/reviews_pipeline_orchestration/dbt_project.yml","logger":"airflow.task.operators.airflow.providers.docker.operators.docker.DockerOperator","filename":"docker.py","lineno":66}
{"timestamp":"2026-01-19T18:12:56.552494Z","level":"info","event":"\u001b[0m18:12:56  adapter type: snowflake","logger":"airflow.task.operators.airflow.providers.docker.operators.docker.DockerOperator","filename":"docker.py","lineno":66}
{"timestamp":"2026-01-19T18:12:56.552608Z","level":"info","event":"\u001b[0m18:12:56  adapter version: 1.11.1","logger":"airflow.task.operators.airflow.providers.docker.operators.docker.DockerOperator","filename":"docker.py","lineno":66}
{"timestamp":"2026-01-19T18:12:56.591863Z","level":"info","event":"\u001b[0m18:12:56  Configuration:","logger":"airflow.task.operators.airflow.providers.docker.operators.docker.DockerOperator","filename":"docker.py","lineno":66}
{"timestamp":"2026-01-19T18:12:56.591943Z","level":"info","event":"\u001b[0m18:12:56    profiles.yml file [\u001b[32mOK found and valid\u001b[0m]","logger":"airflow.task.operators.airflow.providers.docker.operators.docker.DockerOperator","filename":"docker.py","lineno":66}
{"timestamp":"2026-01-19T18:12:56.591981Z","level":"info","event":"\u001b[0m18:12:56    dbt_project.yml file [\u001b[32mOK found and valid\u001b[0m]","logger":"airflow.task.operators.airflow.providers.docker.operators.docker.DockerOperator","filename":"docker.py","lineno":66}
{"timestamp":"2026-01-19T18:12:56.592009Z","level":"info","event":"\u001b[0m18:12:56  Required dependencies:","logger":"airflow.task.operators.airflow.providers.docker.operators.docker.DockerOperator","filename":"docker.py","lineno":66}
{"timestamp":"2026-01-19T18:12:56.594900Z","level":"info","event":"\u001b[0m18:12:56   - git [\u001b[32mOK found\u001b[0m]","logger":"airflow.task.operators.airflow.providers.docker.operators.docker.DockerOperator","filename":"docker.py","lineno":66}
{"timestamp":"2026-01-19T18:12:56.594978Z","level":"info","event":"\u001b[0m18:12:56  Connection:","logger":"airflow.task.operators.airflow.providers.docker.operators.docker.DockerOperator","filename":"docker.py","lineno":66}
{"timestamp":"2026-01-19T18:12:56.595111Z","level":"info","event":"\u001b[0m18:12:56    account: CETQJVF-SN29629","logger":"airflow.task.operators.airflow.providers.docker.operators.docker.DockerOperator","filename":"docker.py","lineno":66}
{"timestamp":"2026-01-19T18:12:56.595499Z","level":"info","event":"\u001b[0m18:12:56    user: DEELENV","logger":"airflow.task.operators.airflow.providers.docker.operators.docker.DockerOperator","filename":"docker.py","lineno":66}
{"timestamp":"2026-01-19T18:12:56.595537Z","level":"info","event":"\u001b[0m18:12:56    database: CAPSTONE_AMAZON_DB","logger":"airflow.task.operators.airflow.providers.docker.operators.docker.DockerOperator","filename":"docker.py","lineno":66}
{"timestamp":"2026-01-19T18:12:56.595867Z","level":"info","event":"\u001b[0m18:12:56    warehouse: SNOWFLAKE_LEARNING_WH","logger":"airflow.task.operators.airflow.providers.docker.operators.docker.DockerOperator","filename":"docker.py","lineno":66}
{"timestamp":"2026-01-19T18:12:56.596019Z","level":"info","event":"\u001b[0m18:12:56    role: ACCOUNTADMIN","logger":"airflow.task.operators.airflow.providers.docker.operators.docker.DockerOperator","filename":"docker.py","lineno":66}
{"timestamp":"2026-01-19T18:12:56.596375Z","level":"info","event":"\u001b[0m18:12:56    schema: CAPSTONE_AMAZON_RAW","logger":"airflow.task.operators.airflow.providers.docker.operators.docker.DockerOperator","filename":"docker.py","lineno":66}
{"timestamp":"2026-01-19T18:12:56.596567Z","level":"info","event":"\u001b[0m18:12:56    authenticator: None","logger":"airflow.task.operators.airflow.providers.docker.operators.docker.DockerOperator","filename":"docker.py","lineno":66}
{"timestamp":"2026-01-19T18:12:56.596948Z","level":"info","event":"\u001b[0m18:12:56    oauth_client_id: None","logger":"airflow.task.operators.airflow.providers.docker.operators.docker.DockerOperator","filename":"docker.py","lineno":66}
{"timestamp":"2026-01-19T18:12:56.597448Z","level":"info","event":"\u001b[0m18:12:56    query_tag: None","logger":"airflow.task.operators.airflow.providers.docker.operators.docker.DockerOperator","filename":"docker.py","lineno":66}
{"timestamp":"2026-01-19T18:12:56.597503Z","level":"info","event":"\u001b[0m18:12:56    client_session_keep_alive: False","logger":"airflow.task.operators.airflow.providers.docker.operators.docker.DockerOperator","filename":"docker.py","lineno":66}
{"timestamp":"2026-01-19T18:12:56.598060Z","level":"info","event":"\u001b[0m18:12:56    host: None","logger":"airflow.task.operators.airflow.providers.docker.operators.docker.DockerOperator","filename":"docker.py","lineno":66}
{"timestamp":"2026-01-19T18:12:56.598902Z","level":"info","event":"\u001b[0m18:12:56    port: None","logger":"airflow.task.operators.airflow.providers.docker.operators.docker.DockerOperator","filename":"docker.py","lineno":66}
{"timestamp":"2026-01-19T18:12:56.598951Z","level":"info","event":"\u001b[0m18:12:56    proxy_host: None","logger":"airflow.task.operators.airflow.providers.docker.operators.docker.DockerOperator","filename":"docker.py","lineno":66}
{"timestamp":"2026-01-19T18:12:56.598972Z","level":"info","event":"\u001b[0m18:12:56    proxy_port: None","logger":"airflow.task.operators.airflow.providers.docker.operators.docker.DockerOperator","filename":"docker.py","lineno":66}
{"timestamp":"2026-01-19T18:12:56.600403Z","level":"info","event":"\u001b[0m18:12:56    protocol: None","logger":"airflow.task.operators.airflow.providers.docker.operators.docker.DockerOperator","filename":"docker.py","lineno":66}
{"timestamp":"2026-01-19T18:12:56.600457Z","level":"info","event":"\u001b[0m18:12:56    connect_retries: 1","logger":"airflow.task.operators.airflow.providers.docker.operators.docker.DockerOperator","filename":"docker.py","lineno":66}
{"timestamp":"2026-01-19T18:12:56.600941Z","level":"info","event":"\u001b[0m18:12:56    connect_timeout: None","logger":"airflow.task.operators.airflow.providers.docker.operators.docker.DockerOperator","filename":"docker.py","lineno":66}
{"timestamp":"2026-01-19T18:12:56.600988Z","level":"info","event":"\u001b[0m18:12:56    retry_on_database_errors: False","logger":"airflow.task.operators.airflow.providers.docker.operators.docker.DockerOperator","filename":"docker.py","lineno":66}
{"timestamp":"2026-01-19T18:12:56.601011Z","level":"info","event":"\u001b[0m18:12:56    retry_all: False","logger":"airflow.task.operators.airflow.providers.docker.operators.docker.DockerOperator","filename":"docker.py","lineno":66}
{"timestamp":"2026-01-19T18:12:56.601032Z","level":"info","event":"\u001b[0m18:12:56    insecure_mode: False","logger":"airflow.task.operators.airflow.providers.docker.operators.docker.DockerOperator","filename":"docker.py","lineno":66}
{"timestamp":"2026-01-19T18:12:56.601051Z","level":"info","event":"\u001b[0m18:12:56    reuse_connections: True","logger":"airflow.task.operators.airflow.providers.docker.operators.docker.DockerOperator","filename":"docker.py","lineno":66}
{"timestamp":"2026-01-19T18:12:56.601070Z","level":"info","event":"\u001b[0m18:12:56    s3_stage_vpce_dns_name: None","logger":"airflow.task.operators.airflow.providers.docker.operators.docker.DockerOperator","filename":"docker.py","lineno":66}
{"timestamp":"2026-01-19T18:12:56.601586Z","level":"info","event":"\u001b[0m18:12:56    platform_detection_timeout_seconds: 0.0","logger":"airflow.task.operators.airflow.providers.docker.operators.docker.DockerOperator","filename":"docker.py","lineno":66}
{"timestamp":"2026-01-19T18:12:56.601857Z","level":"info","event":"\u001b[0m18:12:56  Registered adapter: snowflake=1.11.1","logger":"airflow.task.operators.airflow.providers.docker.operators.docker.DockerOperator","filename":"docker.py","lineno":66}
{"timestamp":"2026-01-19T18:12:58.159579Z","level":"info","event":"\u001b[0m18:12:58    Connection test: [\u001b[32mOK connection ok\u001b[0m]","logger":"airflow.task.operators.airflow.providers.docker.operators.docker.DockerOperator","filename":"docker.py","lineno":66}
{"timestamp":"2026-01-19T18:12:58.159941Z","level":"info","event":"\u001b[0m18:12:58  \u001b[32mAll checks passed!\u001b[0m","logger":"airflow.task.operators.airflow.providers.docker.operators.docker.DockerOperator","filename":"docker.py","lineno":66}
{"timestamp":"2026-01-19T18:12:59.497664Z","level":"info","event":"Pushing xcom","ti":"RuntimeTaskInstance(id=UUID('019bd775-ab4d-70e3-bfa6-2de5d5c304d9'), task_id='dbt_debug', dag_id='capstone_dbt_polling_debug', run_id='manual__2026-01-19T18:12:49+00:00', try_number=1, dag_version_id=UUID('019bd76f-9ccf-71a5-a735-081133c0f1c4'), map_index=-1, hostname='44a05eb5b89e', context_carrier={}, task=<Task(DockerOperator): dbt_debug>, bundle_instance=LocalDagBundle(name=dags-folder), max_tries=0, start_date=datetime.datetime(2026, 1, 19, 18, 12, 54, 709093, tzinfo=datetime.timezone.utc), end_date=None, state=<TaskInstanceState.RUNNING: 'running'>, is_mapped=False, rendered_map_index=None)","logger":"task","filename":"task_runner.py","lineno":1352}
