{"timestamp":"2026-01-19T19:15:00.833248Z","level":"info","event":"DAG bundles loaded: dags-folder","logger":"airflow.dag_processing.bundles.manager.DagBundlesManager","filename":"manager.py","lineno":179}
{"timestamp":"2026-01-19T19:15:00.833792Z","level":"info","event":"Filling up the DagBag from /opt/airflow/dags/dbt_pipeline.py","logger":"airflow.models.dagbag.DagBag","filename":"dagbag.py","lineno":593}
{"timestamp":"2026-01-19T19:15:00.938651Z","level":"info","event":"Poking callable: <function latest_execution_succeeded at 0xffffa7b12700>","logger":"airflow.task.operators.airflow.providers.standard.sensors.python.PythonSensor","filename":"python.py","lineno":79}
{"timestamp":"2026-01-19T19:15:00.943374Z","level":"info","event":"Found credentials in environment variables.","logger":"botocore.credentials","filename":"credentials.py","lineno":1224}
{"timestamp":"2026-01-19T19:15:01.558577Z","level":"info","event":"Rescheduling task, marking task as UP_FOR_RESCHEDULE","logger":"task","filename":"task_runner.py","lineno":953}
{"timestamp":"2026-01-19T19:16:02.168416Z","level":"info","event":"DAG bundles loaded: dags-folder","logger":"airflow.dag_processing.bundles.manager.DagBundlesManager","filename":"manager.py","lineno":179}
{"timestamp":"2026-01-19T19:16:02.168851Z","level":"info","event":"Filling up the DagBag from /opt/airflow/dags/dbt_pipeline.py","logger":"airflow.models.dagbag.DagBag","filename":"dagbag.py","lineno":593}
{"timestamp":"2026-01-19T19:16:02.279290Z","level":"info","event":"Poking callable: <function latest_execution_succeeded at 0xffffa7b19ee0>","logger":"airflow.task.operators.airflow.providers.standard.sensors.python.PythonSensor","filename":"python.py","lineno":79}
{"timestamp":"2026-01-19T19:16:02.284930Z","level":"info","event":"Found credentials in environment variables.","logger":"botocore.credentials","filename":"credentials.py","lineno":1224}
{"timestamp":"2026-01-19T19:16:02.907705Z","level":"info","event":"Rescheduling task, marking task as UP_FOR_RESCHEDULE","logger":"task","filename":"task_runner.py","lineno":953}
{"timestamp":"2026-01-19T19:17:03.509676Z","level":"info","event":"DAG bundles loaded: dags-folder","logger":"airflow.dag_processing.bundles.manager.DagBundlesManager","filename":"manager.py","lineno":179}
{"timestamp":"2026-01-19T19:17:03.510049Z","level":"info","event":"Filling up the DagBag from /opt/airflow/dags/dbt_pipeline.py","logger":"airflow.models.dagbag.DagBag","filename":"dagbag.py","lineno":593}
{"timestamp":"2026-01-19T19:17:03.605062Z","level":"info","event":"Poking callable: <function latest_execution_succeeded at 0xffffa7b16200>","logger":"airflow.task.operators.airflow.providers.standard.sensors.python.PythonSensor","filename":"python.py","lineno":79}
{"timestamp":"2026-01-19T19:17:03.609934Z","level":"info","event":"Found credentials in environment variables.","logger":"botocore.credentials","filename":"credentials.py","lineno":1224}
{"timestamp":"2026-01-19T19:17:04.232407Z","level":"info","event":"Rescheduling task, marking task as UP_FOR_RESCHEDULE","logger":"task","filename":"task_runner.py","lineno":953}
{"timestamp":"2026-01-19T19:18:05.447706Z","level":"info","event":"DAG bundles loaded: dags-folder","logger":"airflow.dag_processing.bundles.manager.DagBundlesManager","filename":"manager.py","lineno":179}
{"timestamp":"2026-01-19T19:18:05.448262Z","level":"info","event":"Filling up the DagBag from /opt/airflow/dags/dbt_pipeline.py","logger":"airflow.models.dagbag.DagBag","filename":"dagbag.py","lineno":593}
{"timestamp":"2026-01-19T19:18:05.582108Z","level":"info","event":"Poking callable: <function latest_execution_succeeded at 0xffffa7b12520>","logger":"airflow.task.operators.airflow.providers.standard.sensors.python.PythonSensor","filename":"python.py","lineno":79}
{"timestamp":"2026-01-19T19:18:05.586883Z","level":"info","event":"Found credentials in environment variables.","logger":"botocore.credentials","filename":"credentials.py","lineno":1224}
{"timestamp":"2026-01-19T19:18:06.273689Z","level":"info","event":"Rescheduling task, marking task as UP_FOR_RESCHEDULE","logger":"task","filename":"task_runner.py","lineno":953}
{"timestamp":"2026-01-19T19:19:06.780287Z","level":"info","event":"DAG bundles loaded: dags-folder","logger":"airflow.dag_processing.bundles.manager.DagBundlesManager","filename":"manager.py","lineno":179}
{"timestamp":"2026-01-19T19:19:06.780670Z","level":"info","event":"Filling up the DagBag from /opt/airflow/dags/dbt_pipeline.py","logger":"airflow.models.dagbag.DagBag","filename":"dagbag.py","lineno":593}
{"timestamp":"2026-01-19T19:19:06.892936Z","level":"info","event":"Poking callable: <function latest_execution_succeeded at 0xffffa7b16520>","logger":"airflow.task.operators.airflow.providers.standard.sensors.python.PythonSensor","filename":"python.py","lineno":79}
{"timestamp":"2026-01-19T19:19:06.897456Z","level":"info","event":"Found credentials in environment variables.","logger":"botocore.credentials","filename":"credentials.py","lineno":1224}
{"timestamp":"2026-01-19T19:19:07.566213Z","level":"info","event":"Rescheduling task, marking task as UP_FOR_RESCHEDULE","logger":"task","filename":"task_runner.py","lineno":953}
{"timestamp":"2026-01-19T19:20:08.156203Z","level":"info","event":"DAG bundles loaded: dags-folder","logger":"airflow.dag_processing.bundles.manager.DagBundlesManager","filename":"manager.py","lineno":179}
{"timestamp":"2026-01-19T19:20:08.158111Z","level":"info","event":"Filling up the DagBag from /opt/airflow/dags/dbt_pipeline.py","logger":"airflow.models.dagbag.DagBag","filename":"dagbag.py","lineno":593}
{"timestamp":"2026-01-19T19:20:08.398988Z","level":"info","event":"Poking callable: <function latest_execution_succeeded at 0xffffa7b1a700>","logger":"airflow.task.operators.airflow.providers.standard.sensors.python.PythonSensor","filename":"python.py","lineno":79}
{"timestamp":"2026-01-19T19:20:08.405125Z","level":"info","event":"Found credentials in environment variables.","logger":"botocore.credentials","filename":"credentials.py","lineno":1224}
{"timestamp":"2026-01-19T19:20:09.078863Z","level":"info","event":"Rescheduling task, marking task as UP_FOR_RESCHEDULE","logger":"task","filename":"task_runner.py","lineno":953}
{"timestamp":"2026-01-19T19:21:09.424087Z","level":"info","event":"DAG bundles loaded: dags-folder","logger":"airflow.dag_processing.bundles.manager.DagBundlesManager","filename":"manager.py","lineno":179}
{"timestamp":"2026-01-19T19:21:09.424569Z","level":"info","event":"Filling up the DagBag from /opt/airflow/dags/dbt_pipeline.py","logger":"airflow.models.dagbag.DagBag","filename":"dagbag.py","lineno":593}
{"timestamp":"2026-01-19T19:21:09.536795Z","level":"info","event":"Poking callable: <function latest_execution_succeeded at 0xffffa7b165c0>","logger":"airflow.task.operators.airflow.providers.standard.sensors.python.PythonSensor","filename":"python.py","lineno":79}
{"timestamp":"2026-01-19T19:21:09.541337Z","level":"info","event":"Found credentials in environment variables.","logger":"botocore.credentials","filename":"credentials.py","lineno":1224}
{"timestamp":"2026-01-19T19:21:10.132851Z","level":"info","event":"Rescheduling task, marking task as UP_FOR_RESCHEDULE","logger":"task","filename":"task_runner.py","lineno":953}
{"timestamp":"2026-01-19T19:22:11.169791Z","level":"info","event":"DAG bundles loaded: dags-folder","logger":"airflow.dag_processing.bundles.manager.DagBundlesManager","filename":"manager.py","lineno":179}
{"timestamp":"2026-01-19T19:22:11.170150Z","level":"info","event":"Filling up the DagBag from /opt/airflow/dags/dbt_pipeline.py","logger":"airflow.models.dagbag.DagBag","filename":"dagbag.py","lineno":593}
{"timestamp":"2026-01-19T19:22:11.267039Z","level":"info","event":"Poking callable: <function latest_execution_succeeded at 0xffffa7b165c0>","logger":"airflow.task.operators.airflow.providers.standard.sensors.python.PythonSensor","filename":"python.py","lineno":79}
{"timestamp":"2026-01-19T19:22:11.271496Z","level":"info","event":"Found credentials in environment variables.","logger":"botocore.credentials","filename":"credentials.py","lineno":1224}
{"timestamp":"2026-01-19T19:22:11.903934Z","level":"info","event":"Rescheduling task, marking task as UP_FOR_RESCHEDULE","logger":"task","filename":"task_runner.py","lineno":953}
{"timestamp":"2026-01-19T19:23:12.563211Z","level":"info","event":"DAG bundles loaded: dags-folder","logger":"airflow.dag_processing.bundles.manager.DagBundlesManager","filename":"manager.py","lineno":179}
{"timestamp":"2026-01-19T19:23:12.563583Z","level":"info","event":"Filling up the DagBag from /opt/airflow/dags/dbt_pipeline.py","logger":"airflow.models.dagbag.DagBag","filename":"dagbag.py","lineno":593}
{"timestamp":"2026-01-19T19:23:12.693301Z","level":"info","event":"Poking callable: <function latest_execution_succeeded at 0xffffa7b1a520>","logger":"airflow.task.operators.airflow.providers.standard.sensors.python.PythonSensor","filename":"python.py","lineno":79}
{"timestamp":"2026-01-19T19:23:12.698028Z","level":"info","event":"Found credentials in environment variables.","logger":"botocore.credentials","filename":"credentials.py","lineno":1224}
{"timestamp":"2026-01-19T19:23:13.357726Z","level":"info","event":"Rescheduling task, marking task as UP_FOR_RESCHEDULE","logger":"task","filename":"task_runner.py","lineno":953}
