{"timestamp":"2026-01-19T18:18:18.597181Z","level":"info","event":"DAG bundles loaded: dags-folder","logger":"airflow.dag_processing.bundles.manager.DagBundlesManager","filename":"manager.py","lineno":179}
{"timestamp":"2026-01-19T18:18:18.605216Z","level":"info","event":"Filling up the DagBag from /opt/airflow/dags/dbt_pipeline.py","logger":"airflow.models.dagbag.DagBag","filename":"dagbag.py","lineno":593}
{"timestamp":"2026-01-19T18:18:19.457402Z","level":"info","event":"Starting docker container from image deelenv/amazon-reviews-dbt:latest","logger":"airflow.task.operators.airflow.providers.docker.operators.docker.DockerOperator","filename":"docker.py","lineno":355}
{"timestamp":"2026-01-19T18:18:21.268960Z","level":"info","event":"\u001b[0m18:18:21  Running with dbt=1.11.2","logger":"airflow.task.operators.airflow.providers.docker.operators.docker.DockerOperator","filename":"docker.py","lineno":66}
{"timestamp":"2026-01-19T18:18:21.849069Z","level":"info","event":"\u001b[0m18:18:21  Registered adapter: snowflake=1.11.1","logger":"airflow.task.operators.airflow.providers.docker.operators.docker.DockerOperator","filename":"docker.py","lineno":66}
{"timestamp":"2026-01-19T18:18:22.157720Z","level":"info","event":"\u001b[0m18:18:22  Found 3 models, 1 operation, 2 sources, 524 macros","logger":"airflow.task.operators.airflow.providers.docker.operators.docker.DockerOperator","filename":"docker.py","lineno":66}
{"timestamp":"2026-01-19T18:18:22.163182Z","level":"info","event":"\u001b[0m18:18:22  ","logger":"airflow.task.operators.airflow.providers.docker.operators.docker.DockerOperator","filename":"docker.py","lineno":66}
{"timestamp":"2026-01-19T18:18:22.164383Z","level":"info","event":"\u001b[0m18:18:22  Concurrency: 4 threads (target='dev')","logger":"airflow.task.operators.airflow.providers.docker.operators.docker.DockerOperator","filename":"docker.py","lineno":66}
{"timestamp":"2026-01-19T18:18:22.164596Z","level":"info","event":"\u001b[0m18:18:22","logger":"airflow.task.operators.airflow.providers.docker.operators.docker.DockerOperator","filename":"docker.py","lineno":66}
{"timestamp":"2026-01-19T18:18:26.209374Z","level":"info","event":"\u001b[0m18:18:26  1 of 1 START hook: reviews_pipeline_orchestration.on-run-start.0 ............... [RUN]","logger":"airflow.task.operators.airflow.providers.docker.operators.docker.DockerOperator","filename":"docker.py","lineno":66}
{"timestamp":"2026-01-19T18:18:26.210154Z","level":"info","event":"\u001b[0m18:18:26  1 of 1 OK hook: reviews_pipeline_orchestration.on-run-start.0 .................. [\u001b[32mOK\u001b[0m in 2.44s]","logger":"airflow.task.operators.airflow.providers.docker.operators.docker.DockerOperator","filename":"docker.py","lineno":66}
{"timestamp":"2026-01-19T18:18:26.210315Z","level":"info","event":"\u001b[0m18:18:26","logger":"airflow.task.operators.airflow.providers.docker.operators.docker.DockerOperator","filename":"docker.py","lineno":66}
{"timestamp":"2026-01-19T18:18:26.221492Z","level":"info","event":"\u001b[0m18:18:26  1 of 3 START sql table model CAPSTONE_AMAZON_STG.stg_meta ...................... [RUN]","logger":"airflow.task.operators.airflow.providers.docker.operators.docker.DockerOperator","filename":"docker.py","lineno":66}
{"timestamp":"2026-01-19T18:18:26.221619Z","level":"info","event":"\u001b[0m18:18:26  2 of 3 START sql table model CAPSTONE_AMAZON_STG.stg_reviews ................... [RUN]","logger":"airflow.task.operators.airflow.providers.docker.operators.docker.DockerOperator","filename":"docker.py","lineno":66}
{"timestamp":"2026-01-19T18:19:26.341389Z","level":"info","event":"\u001b[0m18:19:26  2 of 3 OK created sql table model CAPSTONE_AMAZON_STG.stg_reviews .............. [\u001b[32mSUCCESS 1\u001b[0m in 60.11s]","logger":"airflow.task.operators.airflow.providers.docker.operators.docker.DockerOperator","filename":"docker.py","lineno":66}
{"timestamp":"2026-01-19T18:19:56.237719Z","level":"info","event":"\u001b[0m18:19:56  1 of 3 OK created sql table model CAPSTONE_AMAZON_STG.stg_meta ................. [\u001b[32mSUCCESS 1\u001b[0m in 90.00s]","logger":"airflow.task.operators.airflow.providers.docker.operators.docker.DockerOperator","filename":"docker.py","lineno":66}
{"timestamp":"2026-01-19T18:19:56.240555Z","level":"info","event":"\u001b[0m18:19:56  3 of 3 START sql table model CAPSTONE_AMAZON_MART.mart_avg_rating_by_store_year  [RUN]","logger":"airflow.task.operators.airflow.providers.docker.operators.docker.DockerOperator","filename":"docker.py","lineno":66}
{"timestamp":"2026-01-19T18:19:58.134880Z","level":"info","event":"\u001b[0m18:19:58  3 of 3 OK created sql table model CAPSTONE_AMAZON_MART.mart_avg_rating_by_store_year  [\u001b[32mSUCCESS 1\u001b[0m in 1.89s]","logger":"airflow.task.operators.airflow.providers.docker.operators.docker.DockerOperator","filename":"docker.py","lineno":66}
{"timestamp":"2026-01-19T18:19:58.928210Z","level":"info","event":"\u001b[0m18:19:58","logger":"airflow.task.operators.airflow.providers.docker.operators.docker.DockerOperator","filename":"docker.py","lineno":66}
{"timestamp":"2026-01-19T18:19:58.928520Z","level":"info","event":"\u001b[0m18:19:58  Finished running 1 project hook, 3 table models in 0 hours 1 minutes and 36.76 seconds (96.76s).","logger":"airflow.task.operators.airflow.providers.docker.operators.docker.DockerOperator","filename":"docker.py","lineno":66}
{"timestamp":"2026-01-19T18:19:58.964538Z","level":"info","event":"\u001b[0m18:19:58","logger":"airflow.task.operators.airflow.providers.docker.operators.docker.DockerOperator","filename":"docker.py","lineno":66}
{"timestamp":"2026-01-19T18:19:58.964893Z","level":"info","event":"\u001b[0m18:19:58  \u001b[32mCompleted successfully\u001b[0m","logger":"airflow.task.operators.airflow.providers.docker.operators.docker.DockerOperator","filename":"docker.py","lineno":66}
{"timestamp":"2026-01-19T18:19:58.965345Z","level":"info","event":"\u001b[0m18:19:58","logger":"airflow.task.operators.airflow.providers.docker.operators.docker.DockerOperator","filename":"docker.py","lineno":66}
{"timestamp":"2026-01-19T18:19:58.965618Z","level":"info","event":"\u001b[0m18:19:58  Done. PASS=4 WARN=0 ERROR=0 SKIP=0 NO-OP=0 TOTAL=4","logger":"airflow.task.operators.airflow.providers.docker.operators.docker.DockerOperator","filename":"docker.py","lineno":66}
{"timestamp":"2026-01-19T18:20:00.636094Z","level":"info","event":"Pushing xcom","ti":"RuntimeTaskInstance(id=UUID('019bd777-a4b5-7c75-84ac-a60412e41d79'), task_id='dbt_run', dag_id='capstone_dbt_polling_debug', run_id='scheduled__2026-01-19T18:15:00+00:00', try_number=1, dag_version_id=UUID('019bd77a-9c80-7b72-beb5-d620f2501dd9'), map_index=-1, hostname='44a05eb5b89e', context_carrier={}, task=<Task(DockerOperator): dbt_run>, bundle_instance=LocalDagBundle(name=dags-folder), max_tries=0, start_date=datetime.datetime(2026, 1, 19, 18, 18, 18, 3433, tzinfo=datetime.timezone.utc), end_date=None, state=<TaskInstanceState.RUNNING: 'running'>, is_mapped=False, rendered_map_index=None)","logger":"task","filename":"task_runner.py","lineno":1352}
