{"timestamp":"2026-01-19T18:05:47.261312Z","level":"info","event":"DAG bundles loaded: dags-folder","logger":"airflow.dag_processing.bundles.manager.DagBundlesManager","filename":"manager.py","lineno":179}
{"timestamp":"2026-01-19T18:05:47.261667Z","level":"info","event":"Filling up the DagBag from /opt/airflow/dags/dbt_pipeline.py","logger":"airflow.models.dagbag.DagBag","filename":"dagbag.py","lineno":593}
{"timestamp":"2026-01-19T18:05:47.385138Z","level":"info","event":"Starting docker container from image deelenv/amazon-reviews-dbt:latest","logger":"airflow.task.operators.airflow.providers.docker.operators.docker.DockerOperator","filename":"docker.py","lineno":355}
{"timestamp":"2026-01-19T18:05:48.937591Z","level":"info","event":"\u001b[0m18:05:48  Running with dbt=1.11.2","logger":"airflow.task.operators.airflow.providers.docker.operators.docker.DockerOperator","filename":"docker.py","lineno":66}
{"timestamp":"2026-01-19T18:05:48.950301Z","level":"info","event":"\u001b[0m18:05:48  dbt version: 1.11.2","logger":"airflow.task.operators.airflow.providers.docker.operators.docker.DockerOperator","filename":"docker.py","lineno":66}
{"timestamp":"2026-01-19T18:05:48.950452Z","level":"info","event":"\u001b[0m18:05:48  python version: 3.11.14","logger":"airflow.task.operators.airflow.providers.docker.operators.docker.DockerOperator","filename":"docker.py","lineno":66}
{"timestamp":"2026-01-19T18:05:48.950620Z","level":"info","event":"\u001b[0m18:05:48  python path: /usr/local/bin/python3.11","logger":"airflow.task.operators.airflow.providers.docker.operators.docker.DockerOperator","filename":"docker.py","lineno":66}
{"timestamp":"2026-01-19T18:05:48.950753Z","level":"info","event":"\u001b[0m18:05:48  os info: Linux-6.12.54-linuxkit-aarch64-with-glibc2.41","logger":"airflow.task.operators.airflow.providers.docker.operators.docker.DockerOperator","filename":"docker.py","lineno":66}
{"timestamp":"2026-01-19T18:05:49.198179Z","level":"info","event":"\u001b[0m18:05:49  Using profiles dir at /root/.dbt","logger":"airflow.task.operators.airflow.providers.docker.operators.docker.DockerOperator","filename":"docker.py","lineno":66}
{"timestamp":"2026-01-19T18:05:49.198398Z","level":"info","event":"\u001b[0m18:05:49  Using profiles.yml file at /root/.dbt/profiles.yml","logger":"airflow.task.operators.airflow.providers.docker.operators.docker.DockerOperator","filename":"docker.py","lineno":66}
{"timestamp":"2026-01-19T18:05:49.198484Z","level":"info","event":"\u001b[0m18:05:49  Using dbt_project.yml file at /app/reviews_pipeline_orchestration/dbt_project.yml","logger":"airflow.task.operators.airflow.providers.docker.operators.docker.DockerOperator","filename":"docker.py","lineno":66}
{"timestamp":"2026-01-19T18:05:49.199021Z","level":"info","event":"\u001b[0m18:05:49  adapter type: snowflake","logger":"airflow.task.operators.airflow.providers.docker.operators.docker.DockerOperator","filename":"docker.py","lineno":66}
{"timestamp":"2026-01-19T18:05:49.199075Z","level":"info","event":"\u001b[0m18:05:49  adapter version: 1.11.1","logger":"airflow.task.operators.airflow.providers.docker.operators.docker.DockerOperator","filename":"docker.py","lineno":66}
{"timestamp":"2026-01-19T18:05:49.240049Z","level":"info","event":"\u001b[0m18:05:49  Configuration:","logger":"airflow.task.operators.airflow.providers.docker.operators.docker.DockerOperator","filename":"docker.py","lineno":66}
{"timestamp":"2026-01-19T18:05:49.241014Z","level":"info","event":"\u001b[0m18:05:49    profiles.yml file [\u001b[32mOK found and valid\u001b[0m]","logger":"airflow.task.operators.airflow.providers.docker.operators.docker.DockerOperator","filename":"docker.py","lineno":66}
{"timestamp":"2026-01-19T18:05:49.241118Z","level":"info","event":"\u001b[0m18:05:49    dbt_project.yml file [\u001b[32mOK found and valid\u001b[0m]","logger":"airflow.task.operators.airflow.providers.docker.operators.docker.DockerOperator","filename":"docker.py","lineno":66}
{"timestamp":"2026-01-19T18:05:49.241154Z","level":"info","event":"\u001b[0m18:05:49  Required dependencies:","logger":"airflow.task.operators.airflow.providers.docker.operators.docker.DockerOperator","filename":"docker.py","lineno":66}
{"timestamp":"2026-01-19T18:05:49.249113Z","level":"info","event":"\u001b[0m18:05:49   - git [\u001b[32mOK found\u001b[0m]","logger":"airflow.task.operators.airflow.providers.docker.operators.docker.DockerOperator","filename":"docker.py","lineno":66}
{"timestamp":"2026-01-19T18:05:49.249219Z","level":"info","event":"\u001b[0m18:05:49  Connection:","logger":"airflow.task.operators.airflow.providers.docker.operators.docker.DockerOperator","filename":"docker.py","lineno":66}
{"timestamp":"2026-01-19T18:05:49.249289Z","level":"info","event":"\u001b[0m18:05:49    account: CETQJVF-SN29629","logger":"airflow.task.operators.airflow.providers.docker.operators.docker.DockerOperator","filename":"docker.py","lineno":66}
{"timestamp":"2026-01-19T18:05:49.249327Z","level":"info","event":"\u001b[0m18:05:49    user: DEELENV","logger":"airflow.task.operators.airflow.providers.docker.operators.docker.DockerOperator","filename":"docker.py","lineno":66}
{"timestamp":"2026-01-19T18:05:49.249975Z","level":"info","event":"\u001b[0m18:05:49    database: CAPSTONE_AMAZON_DB","logger":"airflow.task.operators.airflow.providers.docker.operators.docker.DockerOperator","filename":"docker.py","lineno":66}
{"timestamp":"2026-01-19T18:05:49.250094Z","level":"info","event":"\u001b[0m18:05:49    warehouse: SNOWFLAKE_LEARNING_WH","logger":"airflow.task.operators.airflow.providers.docker.operators.docker.DockerOperator","filename":"docker.py","lineno":66}
{"timestamp":"2026-01-19T18:05:49.250772Z","level":"info","event":"\u001b[0m18:05:49    role: ACCOUNTADMIN","logger":"airflow.task.operators.airflow.providers.docker.operators.docker.DockerOperator","filename":"docker.py","lineno":66}
{"timestamp":"2026-01-19T18:05:49.250820Z","level":"info","event":"\u001b[0m18:05:49    schema: CAPSTONE_AMAZON_RAW","logger":"airflow.task.operators.airflow.providers.docker.operators.docker.DockerOperator","filename":"docker.py","lineno":66}
{"timestamp":"2026-01-19T18:05:49.250860Z","level":"info","event":"\u001b[0m18:05:49    authenticator: None","logger":"airflow.task.operators.airflow.providers.docker.operators.docker.DockerOperator","filename":"docker.py","lineno":66}
{"timestamp":"2026-01-19T18:05:49.251098Z","level":"info","event":"\u001b[0m18:05:49    oauth_client_id: None","logger":"airflow.task.operators.airflow.providers.docker.operators.docker.DockerOperator","filename":"docker.py","lineno":66}
{"timestamp":"2026-01-19T18:05:49.251367Z","level":"info","event":"\u001b[0m18:05:49    query_tag: None","logger":"airflow.task.operators.airflow.providers.docker.operators.docker.DockerOperator","filename":"docker.py","lineno":66}
{"timestamp":"2026-01-19T18:05:49.251635Z","level":"info","event":"\u001b[0m18:05:49    client_session_keep_alive: False","logger":"airflow.task.operators.airflow.providers.docker.operators.docker.DockerOperator","filename":"docker.py","lineno":66}
{"timestamp":"2026-01-19T18:05:49.251666Z","level":"info","event":"\u001b[0m18:05:49    host: None","logger":"airflow.task.operators.airflow.providers.docker.operators.docker.DockerOperator","filename":"docker.py","lineno":66}
{"timestamp":"2026-01-19T18:05:49.251701Z","level":"info","event":"\u001b[0m18:05:49    port: None","logger":"airflow.task.operators.airflow.providers.docker.operators.docker.DockerOperator","filename":"docker.py","lineno":66}
{"timestamp":"2026-01-19T18:05:49.251731Z","level":"info","event":"\u001b[0m18:05:49    proxy_host: None","logger":"airflow.task.operators.airflow.providers.docker.operators.docker.DockerOperator","filename":"docker.py","lineno":66}
{"timestamp":"2026-01-19T18:05:49.251774Z","level":"info","event":"\u001b[0m18:05:49    proxy_port: None","logger":"airflow.task.operators.airflow.providers.docker.operators.docker.DockerOperator","filename":"docker.py","lineno":66}
{"timestamp":"2026-01-19T18:05:49.252099Z","level":"info","event":"\u001b[0m18:05:49    protocol: None","logger":"airflow.task.operators.airflow.providers.docker.operators.docker.DockerOperator","filename":"docker.py","lineno":66}
{"timestamp":"2026-01-19T18:05:49.252140Z","level":"info","event":"\u001b[0m18:05:49    connect_retries: 1","logger":"airflow.task.operators.airflow.providers.docker.operators.docker.DockerOperator","filename":"docker.py","lineno":66}
{"timestamp":"2026-01-19T18:05:49.252261Z","level":"info","event":"\u001b[0m18:05:49    connect_timeout: None","logger":"airflow.task.operators.airflow.providers.docker.operators.docker.DockerOperator","filename":"docker.py","lineno":66}
{"timestamp":"2026-01-19T18:05:49.252291Z","level":"info","event":"\u001b[0m18:05:49    retry_on_database_errors: False","logger":"airflow.task.operators.airflow.providers.docker.operators.docker.DockerOperator","filename":"docker.py","lineno":66}
{"timestamp":"2026-01-19T18:05:49.252309Z","level":"info","event":"\u001b[0m18:05:49    retry_all: False","logger":"airflow.task.operators.airflow.providers.docker.operators.docker.DockerOperator","filename":"docker.py","lineno":66}
{"timestamp":"2026-01-19T18:05:49.252346Z","level":"info","event":"\u001b[0m18:05:49    insecure_mode: False","logger":"airflow.task.operators.airflow.providers.docker.operators.docker.DockerOperator","filename":"docker.py","lineno":66}
{"timestamp":"2026-01-19T18:05:49.252365Z","level":"info","event":"\u001b[0m18:05:49    reuse_connections: True","logger":"airflow.task.operators.airflow.providers.docker.operators.docker.DockerOperator","filename":"docker.py","lineno":66}
{"timestamp":"2026-01-19T18:05:49.252405Z","level":"info","event":"\u001b[0m18:05:49    s3_stage_vpce_dns_name: None","logger":"airflow.task.operators.airflow.providers.docker.operators.docker.DockerOperator","filename":"docker.py","lineno":66}
{"timestamp":"2026-01-19T18:05:49.252446Z","level":"info","event":"\u001b[0m18:05:49    platform_detection_timeout_seconds: 0.0","logger":"airflow.task.operators.airflow.providers.docker.operators.docker.DockerOperator","filename":"docker.py","lineno":66}
{"timestamp":"2026-01-19T18:05:49.252488Z","level":"info","event":"\u001b[0m18:05:49  Registered adapter: snowflake=1.11.1","logger":"airflow.task.operators.airflow.providers.docker.operators.docker.DockerOperator","filename":"docker.py","lineno":66}
{"timestamp":"2026-01-19T18:05:51.288200Z","level":"info","event":"\u001b[0m18:05:51    Connection test: [\u001b[32mOK connection ok\u001b[0m]","logger":"airflow.task.operators.airflow.providers.docker.operators.docker.DockerOperator","filename":"docker.py","lineno":66}
{"timestamp":"2026-01-19T18:05:51.288829Z","level":"info","event":"\u001b[0m18:05:51  \u001b[32mAll checks passed!\u001b[0m","logger":"airflow.task.operators.airflow.providers.docker.operators.docker.DockerOperator","filename":"docker.py","lineno":66}
{"timestamp":"2026-01-19T18:05:52.650055Z","level":"info","event":"Pushing xcom","ti":"RuntimeTaskInstance(id=UUID('019bd76f-27d8-7862-91c5-c2eda273cfb9'), task_id='dbt_debug', dag_id='capstone_dbt_polling_debug', run_id='manual__2026-01-19T18:05:43+00:00', try_number=1, dag_version_id=UUID('019bd719-539a-7cc7-97d7-e28d39c29fda'), map_index=-1, hostname='44a05eb5b89e', context_carrier={}, task=<Task(DockerOperator): dbt_debug>, bundle_instance=LocalDagBundle(name=dags-folder), max_tries=0, start_date=datetime.datetime(2026, 1, 19, 18, 5, 47, 185608, tzinfo=datetime.timezone.utc), end_date=None, state=<TaskInstanceState.RUNNING: 'running'>, is_mapped=False, rendered_map_index=None)","logger":"task","filename":"task_runner.py","lineno":1352}
