{"timestamp":"2026-01-22T13:00:20.745503Z","level":"info","event":"DAG bundles loaded: dags-folder","logger":"airflow.dag_processing.bundles.manager.DagBundlesManager","filename":"manager.py","lineno":179}
{"timestamp":"2026-01-22T13:00:20.746908Z","level":"info","event":"Filling up the DagBag from /opt/airflow/dags/dbt_pipeline_polling.py","logger":"airflow.models.dagbag.DagBag","filename":"dagbag.py","lineno":593}
{"timestamp":"2026-01-22T13:00:21.969635Z","level":"info","event":"Poking callable: <function latest_execution_succeeded at 0xffff99756c00>","logger":"airflow.task.operators.airflow.providers.standard.sensors.python.PythonSensor","filename":"python.py","lineno":79}
{"timestamp":"2026-01-22T13:00:21.996407Z","level":"info","event":"Found credentials in environment variables.","logger":"botocore.credentials","filename":"credentials.py","lineno":1224}
{"timestamp":"2026-01-22T13:00:23.104098Z","level":"info","event":"Rescheduling task, marking task as UP_FOR_RESCHEDULE","logger":"task","filename":"task_runner.py","lineno":953}
{"timestamp":"2026-01-22T13:05:24.442815Z","level":"info","event":"DAG bundles loaded: dags-folder","logger":"airflow.dag_processing.bundles.manager.DagBundlesManager","filename":"manager.py","lineno":179}
{"timestamp":"2026-01-22T13:05:24.444277Z","level":"info","event":"Filling up the DagBag from /opt/airflow/dags/dbt_pipeline_polling.py","logger":"airflow.models.dagbag.DagBag","filename":"dagbag.py","lineno":593}
{"timestamp":"2026-01-22T13:05:25.652609Z","level":"info","event":"Poking callable: <function latest_execution_succeeded at 0xffff998f1b20>","logger":"airflow.task.operators.airflow.providers.standard.sensors.python.PythonSensor","filename":"python.py","lineno":79}
{"timestamp":"2026-01-22T13:05:25.665485Z","level":"info","event":"Found credentials in environment variables.","logger":"botocore.credentials","filename":"credentials.py","lineno":1224}
{"timestamp":"2026-01-22T13:05:26.744823Z","level":"info","event":"Rescheduling task, marking task as UP_FOR_RESCHEDULE","logger":"task","filename":"task_runner.py","lineno":953}
{"timestamp":"2026-01-22T13:10:27.283173Z","level":"info","event":"DAG bundles loaded: dags-folder","logger":"airflow.dag_processing.bundles.manager.DagBundlesManager","filename":"manager.py","lineno":179}
{"timestamp":"2026-01-22T13:10:27.283990Z","level":"info","event":"Filling up the DagBag from /opt/airflow/dags/dbt_pipeline_polling.py","logger":"airflow.models.dagbag.DagBag","filename":"dagbag.py","lineno":593}
{"timestamp":"2026-01-22T13:10:27.500076Z","level":"info","event":"Poking callable: <function latest_execution_succeeded at 0xffff998f1c60>","logger":"airflow.task.operators.airflow.providers.standard.sensors.python.PythonSensor","filename":"python.py","lineno":79}
{"timestamp":"2026-01-22T13:10:27.512546Z","level":"info","event":"Found credentials in environment variables.","logger":"botocore.credentials","filename":"credentials.py","lineno":1224}
{"timestamp":"2026-01-22T13:10:28.829154Z","level":"info","event":"Rescheduling task, marking task as UP_FOR_RESCHEDULE","logger":"task","filename":"task_runner.py","lineno":953}
{"timestamp":"2026-01-22T13:15:29.253828Z","level":"info","event":"DAG bundles loaded: dags-folder","logger":"airflow.dag_processing.bundles.manager.DagBundlesManager","filename":"manager.py","lineno":179}
{"timestamp":"2026-01-22T13:15:29.254423Z","level":"info","event":"Filling up the DagBag from /opt/airflow/dags/dbt_pipeline_polling.py","logger":"airflow.models.dagbag.DagBag","filename":"dagbag.py","lineno":593}
{"timestamp":"2026-01-22T13:15:29.363512Z","level":"info","event":"Poking callable: <function latest_execution_succeeded at 0xffff998f1c60>","logger":"airflow.task.operators.airflow.providers.standard.sensors.python.PythonSensor","filename":"python.py","lineno":79}
{"timestamp":"2026-01-22T13:15:29.369246Z","level":"info","event":"Found credentials in environment variables.","logger":"botocore.credentials","filename":"credentials.py","lineno":1224}
{"timestamp":"2026-01-22T13:15:30.516300Z","level":"info","event":"Success criteria met. Exiting.","logger":"airflow.task.operators.airflow.providers.standard.sensors.python.PythonSensor","filename":"sensor.py","lineno":250}
