{"timestamp":"2026-01-21T13:47:02.229803Z","level":"info","event":"DAG bundles loaded: dags-folder","logger":"airflow.dag_processing.bundles.manager.DagBundlesManager","filename":"manager.py","lineno":179}
{"timestamp":"2026-01-21T13:47:02.231046Z","level":"info","event":"Filling up the DagBag from /opt/airflow/dags/dbt_pipeline_polling.py","logger":"airflow.models.dagbag.DagBag","filename":"dagbag.py","lineno":593}
{"timestamp":"2026-01-21T13:47:02.471583Z","level":"info","event":"Poking callable: <function latest_execution_succeeded at 0xffff734525c0>","logger":"airflow.task.operators.airflow.providers.standard.sensors.python.PythonSensor","filename":"python.py","lineno":79}
{"timestamp":"2026-01-21T13:47:02.478815Z","level":"info","event":"Found credentials in environment variables.","logger":"botocore.credentials","filename":"credentials.py","lineno":1224}
{"timestamp":"2026-01-21T13:47:04.166018Z","level":"info","event":"Rescheduling task, marking task as UP_FOR_RESCHEDULE","logger":"task","filename":"task_runner.py","lineno":953}
{"timestamp":"2026-01-21T13:52:04.750304Z","level":"info","event":"DAG bundles loaded: dags-folder","logger":"airflow.dag_processing.bundles.manager.DagBundlesManager","filename":"manager.py","lineno":179}
{"timestamp":"2026-01-21T13:52:04.750989Z","level":"info","event":"Filling up the DagBag from /opt/airflow/dags/dbt_pipeline_polling.py","logger":"airflow.models.dagbag.DagBag","filename":"dagbag.py","lineno":593}
{"timestamp":"2026-01-21T13:52:04.889440Z","level":"info","event":"Poking callable: <function latest_execution_succeeded at 0xffff73452520>","logger":"airflow.task.operators.airflow.providers.standard.sensors.python.PythonSensor","filename":"python.py","lineno":79}
{"timestamp":"2026-01-21T13:52:04.894137Z","level":"info","event":"Found credentials in environment variables.","logger":"botocore.credentials","filename":"credentials.py","lineno":1224}
{"timestamp":"2026-01-21T13:52:05.617111Z","level":"info","event":"Rescheduling task, marking task as UP_FOR_RESCHEDULE","logger":"task","filename":"task_runner.py","lineno":953}
{"timestamp":"2026-01-21T13:57:06.180938Z","level":"info","event":"DAG bundles loaded: dags-folder","logger":"airflow.dag_processing.bundles.manager.DagBundlesManager","filename":"manager.py","lineno":179}
{"timestamp":"2026-01-21T13:57:06.182107Z","level":"info","event":"Filling up the DagBag from /opt/airflow/dags/dbt_pipeline_polling.py","logger":"airflow.models.dagbag.DagBag","filename":"dagbag.py","lineno":593}
{"timestamp":"2026-01-21T13:57:06.348470Z","level":"info","event":"Poking callable: <function latest_execution_succeeded at 0xffff73452700>","logger":"airflow.task.operators.airflow.providers.standard.sensors.python.PythonSensor","filename":"python.py","lineno":79}
{"timestamp":"2026-01-21T13:57:06.353953Z","level":"info","event":"Found credentials in environment variables.","logger":"botocore.credentials","filename":"credentials.py","lineno":1224}
{"timestamp":"2026-01-21T13:57:07.191932Z","level":"info","event":"Rescheduling task, marking task as UP_FOR_RESCHEDULE","logger":"task","filename":"task_runner.py","lineno":953}
{"timestamp":"2026-01-21T14:02:08.182321Z","level":"info","event":"DAG bundles loaded: dags-folder","logger":"airflow.dag_processing.bundles.manager.DagBundlesManager","filename":"manager.py","lineno":179}
{"timestamp":"2026-01-21T14:02:08.182756Z","level":"info","event":"Filling up the DagBag from /opt/airflow/dags/dbt_pipeline_polling.py","logger":"airflow.models.dagbag.DagBag","filename":"dagbag.py","lineno":593}
{"timestamp":"2026-01-21T14:02:08.286811Z","level":"info","event":"Poking callable: <function latest_execution_succeeded at 0xffff734525c0>","logger":"airflow.task.operators.airflow.providers.standard.sensors.python.PythonSensor","filename":"python.py","lineno":79}
{"timestamp":"2026-01-21T14:02:08.291338Z","level":"info","event":"Found credentials in environment variables.","logger":"botocore.credentials","filename":"credentials.py","lineno":1224}
{"timestamp":"2026-01-21T14:02:09.054040Z","level":"info","event":"Rescheduling task, marking task as UP_FOR_RESCHEDULE","logger":"task","filename":"task_runner.py","lineno":953}
{"timestamp":"2026-01-21T14:07:09.502290Z","level":"info","event":"DAG bundles loaded: dags-folder","logger":"airflow.dag_processing.bundles.manager.DagBundlesManager","filename":"manager.py","lineno":179}
{"timestamp":"2026-01-21T14:07:09.502653Z","level":"info","event":"Filling up the DagBag from /opt/airflow/dags/dbt_pipeline_polling.py","logger":"airflow.models.dagbag.DagBag","filename":"dagbag.py","lineno":593}
{"timestamp":"2026-01-21T14:07:09.603112Z","level":"info","event":"Poking callable: <function latest_execution_succeeded at 0xffff7344e840>","logger":"airflow.task.operators.airflow.providers.standard.sensors.python.PythonSensor","filename":"python.py","lineno":79}
{"timestamp":"2026-01-21T14:07:09.607670Z","level":"info","event":"Found credentials in environment variables.","logger":"botocore.credentials","filename":"credentials.py","lineno":1224}
{"timestamp":"2026-01-21T14:07:10.375257Z","level":"info","event":"Rescheduling task, marking task as UP_FOR_RESCHEDULE","logger":"task","filename":"task_runner.py","lineno":953}
{"timestamp":"2026-01-21T14:12:10.661412Z","level":"info","event":"DAG bundles loaded: dags-folder","logger":"airflow.dag_processing.bundles.manager.DagBundlesManager","filename":"manager.py","lineno":179}
{"timestamp":"2026-01-21T14:12:10.662289Z","level":"info","event":"Filling up the DagBag from /opt/airflow/dags/dbt_pipeline_polling.py","logger":"airflow.models.dagbag.DagBag","filename":"dagbag.py","lineno":593}
{"timestamp":"2026-01-21T14:12:10.761610Z","level":"info","event":"Poking callable: <function latest_execution_succeeded at 0xffff73456660>","logger":"airflow.task.operators.airflow.providers.standard.sensors.python.PythonSensor","filename":"python.py","lineno":79}
{"timestamp":"2026-01-21T14:12:10.765914Z","level":"info","event":"Found credentials in environment variables.","logger":"botocore.credentials","filename":"credentials.py","lineno":1224}
{"timestamp":"2026-01-21T14:12:11.442054Z","level":"info","event":"Rescheduling task, marking task as UP_FOR_RESCHEDULE","logger":"task","filename":"task_runner.py","lineno":953}
{"timestamp":"2026-01-21T14:17:11.883666Z","level":"info","event":"DAG bundles loaded: dags-folder","logger":"airflow.dag_processing.bundles.manager.DagBundlesManager","filename":"manager.py","lineno":179}
{"timestamp":"2026-01-21T14:17:11.884207Z","level":"info","event":"Filling up the DagBag from /opt/airflow/dags/dbt_pipeline_polling.py","logger":"airflow.models.dagbag.DagBag","filename":"dagbag.py","lineno":593}
{"timestamp":"2026-01-21T14:17:12.004617Z","level":"info","event":"Poking callable: <function latest_execution_succeeded at 0xffff7344eca0>","logger":"airflow.task.operators.airflow.providers.standard.sensors.python.PythonSensor","filename":"python.py","lineno":79}
{"timestamp":"2026-01-21T14:17:12.009519Z","level":"info","event":"Found credentials in environment variables.","logger":"botocore.credentials","filename":"credentials.py","lineno":1224}
{"timestamp":"2026-01-21T14:17:12.769803Z","level":"info","event":"Rescheduling task, marking task as UP_FOR_RESCHEDULE","logger":"task","filename":"task_runner.py","lineno":953}
{"timestamp":"2026-01-21T14:22:13.241809Z","level":"info","event":"DAG bundles loaded: dags-folder","logger":"airflow.dag_processing.bundles.manager.DagBundlesManager","filename":"manager.py","lineno":179}
{"timestamp":"2026-01-21T14:22:13.242213Z","level":"info","event":"Filling up the DagBag from /opt/airflow/dags/dbt_pipeline_polling.py","logger":"airflow.models.dagbag.DagBag","filename":"dagbag.py","lineno":593}
{"timestamp":"2026-01-21T14:22:13.335420Z","level":"info","event":"Poking callable: <function latest_execution_succeeded at 0xffff7344ed40>","logger":"airflow.task.operators.airflow.providers.standard.sensors.python.PythonSensor","filename":"python.py","lineno":79}
{"timestamp":"2026-01-21T14:22:13.340455Z","level":"info","event":"Found credentials in environment variables.","logger":"botocore.credentials","filename":"credentials.py","lineno":1224}
{"timestamp":"2026-01-21T14:22:14.126401Z","level":"info","event":"Rescheduling task, marking task as UP_FOR_RESCHEDULE","logger":"task","filename":"task_runner.py","lineno":953}
{"timestamp":"2026-01-21T14:27:14.894217Z","level":"info","event":"DAG bundles loaded: dags-folder","logger":"airflow.dag_processing.bundles.manager.DagBundlesManager","filename":"manager.py","lineno":179}
{"timestamp":"2026-01-21T14:27:14.895017Z","level":"info","event":"Filling up the DagBag from /opt/airflow/dags/dbt_pipeline_polling.py","logger":"airflow.models.dagbag.DagBag","filename":"dagbag.py","lineno":593}
{"timestamp":"2026-01-21T14:27:15.033883Z","level":"info","event":"Poking callable: <function latest_execution_succeeded at 0xffff734565c0>","logger":"airflow.task.operators.airflow.providers.standard.sensors.python.PythonSensor","filename":"python.py","lineno":79}
{"timestamp":"2026-01-21T14:27:15.039166Z","level":"info","event":"Found credentials in environment variables.","logger":"botocore.credentials","filename":"credentials.py","lineno":1224}
{"timestamp":"2026-01-21T14:27:15.772073Z","level":"info","event":"Rescheduling task, marking task as UP_FOR_RESCHEDULE","logger":"task","filename":"task_runner.py","lineno":953}
