{"timestamp":"2026-01-22T13:15:31.733521Z","level":"info","event":"DAG bundles loaded: dags-folder","logger":"airflow.dag_processing.bundles.manager.DagBundlesManager","filename":"manager.py","lineno":179}
{"timestamp":"2026-01-22T13:15:31.733953Z","level":"info","event":"Filling up the DagBag from /opt/airflow/dags/dbt_pipeline_polling.py","logger":"airflow.models.dagbag.DagBag","filename":"dagbag.py","lineno":593}
{"timestamp":"2026-01-22T13:15:31.932099Z","level":"info","event":"Starting docker container from image deelenv/amazon-reviews-dbt:latest","logger":"airflow.task.operators.airflow.providers.docker.operators.docker.DockerOperator","filename":"docker.py","lineno":355}
{"timestamp":"2026-01-22T13:15:33.433271Z","level":"info","event":"\u001b[0m13:15:33  Running with dbt=1.11.2","logger":"airflow.task.operators.airflow.providers.docker.operators.docker.DockerOperator","filename":"docker.py","lineno":66}
{"timestamp":"2026-01-22T13:15:33.441405Z","level":"info","event":"\u001b[0m13:15:33  dbt version: 1.11.2","logger":"airflow.task.operators.airflow.providers.docker.operators.docker.DockerOperator","filename":"docker.py","lineno":66}
{"timestamp":"2026-01-22T13:15:33.441588Z","level":"info","event":"\u001b[0m13:15:33  python version: 3.11.14","logger":"airflow.task.operators.airflow.providers.docker.operators.docker.DockerOperator","filename":"docker.py","lineno":66}
{"timestamp":"2026-01-22T13:15:33.442054Z","level":"info","event":"\u001b[0m13:15:33  python path: /usr/local/bin/python3.11","logger":"airflow.task.operators.airflow.providers.docker.operators.docker.DockerOperator","filename":"docker.py","lineno":66}
{"timestamp":"2026-01-22T13:15:33.442114Z","level":"info","event":"\u001b[0m13:15:33  os info: Linux-6.12.54-linuxkit-aarch64-with-glibc2.41","logger":"airflow.task.operators.airflow.providers.docker.operators.docker.DockerOperator","filename":"docker.py","lineno":66}
{"timestamp":"2026-01-22T13:15:33.675521Z","level":"info","event":"\u001b[0m13:15:33  Using profiles dir at /root/.dbt","logger":"airflow.task.operators.airflow.providers.docker.operators.docker.DockerOperator","filename":"docker.py","lineno":66}
{"timestamp":"2026-01-22T13:15:33.675648Z","level":"info","event":"\u001b[0m13:15:33  Using profiles.yml file at /root/.dbt/profiles.yml","logger":"airflow.task.operators.airflow.providers.docker.operators.docker.DockerOperator","filename":"docker.py","lineno":66}
{"timestamp":"2026-01-22T13:15:33.675697Z","level":"info","event":"\u001b[0m13:15:33  Using dbt_project.yml file at /app/reviews_pipeline_orchestration/dbt_project.yml","logger":"airflow.task.operators.airflow.providers.docker.operators.docker.DockerOperator","filename":"docker.py","lineno":66}
{"timestamp":"2026-01-22T13:15:33.675843Z","level":"info","event":"\u001b[0m13:15:33  adapter type: snowflake","logger":"airflow.task.operators.airflow.providers.docker.operators.docker.DockerOperator","filename":"docker.py","lineno":66}
{"timestamp":"2026-01-22T13:15:33.676028Z","level":"info","event":"\u001b[0m13:15:33  adapter version: 1.11.1","logger":"airflow.task.operators.airflow.providers.docker.operators.docker.DockerOperator","filename":"docker.py","lineno":66}
{"timestamp":"2026-01-22T13:15:33.713265Z","level":"info","event":"\u001b[0m13:15:33  Configuration:","logger":"airflow.task.operators.airflow.providers.docker.operators.docker.DockerOperator","filename":"docker.py","lineno":66}
{"timestamp":"2026-01-22T13:15:33.713314Z","level":"info","event":"\u001b[0m13:15:33    profiles.yml file [\u001b[32mOK found and valid\u001b[0m]","logger":"airflow.task.operators.airflow.providers.docker.operators.docker.DockerOperator","filename":"docker.py","lineno":66}
{"timestamp":"2026-01-22T13:15:33.713401Z","level":"info","event":"\u001b[0m13:15:33    dbt_project.yml file [\u001b[32mOK found and valid\u001b[0m]","logger":"airflow.task.operators.airflow.providers.docker.operators.docker.DockerOperator","filename":"docker.py","lineno":66}
{"timestamp":"2026-01-22T13:15:33.713435Z","level":"info","event":"\u001b[0m13:15:33  Required dependencies:","logger":"airflow.task.operators.airflow.providers.docker.operators.docker.DockerOperator","filename":"docker.py","lineno":66}
{"timestamp":"2026-01-22T13:15:33.724906Z","level":"info","event":"\u001b[0m13:15:33   - git [\u001b[32mOK found\u001b[0m]","logger":"airflow.task.operators.airflow.providers.docker.operators.docker.DockerOperator","filename":"docker.py","lineno":66}
{"timestamp":"2026-01-22T13:15:33.725327Z","level":"info","event":"\u001b[0m13:15:33  Connection:","logger":"airflow.task.operators.airflow.providers.docker.operators.docker.DockerOperator","filename":"docker.py","lineno":66}
{"timestamp":"2026-01-22T13:15:33.725401Z","level":"info","event":"\u001b[0m13:15:33    account: CETQJVF-SN29629","logger":"airflow.task.operators.airflow.providers.docker.operators.docker.DockerOperator","filename":"docker.py","lineno":66}
{"timestamp":"2026-01-22T13:15:33.725477Z","level":"info","event":"\u001b[0m13:15:33    user: DEELENV","logger":"airflow.task.operators.airflow.providers.docker.operators.docker.DockerOperator","filename":"docker.py","lineno":66}
{"timestamp":"2026-01-22T13:15:33.725498Z","level":"info","event":"\u001b[0m13:15:33    database: CAPSTONE_AMAZON_DB","logger":"airflow.task.operators.airflow.providers.docker.operators.docker.DockerOperator","filename":"docker.py","lineno":66}
{"timestamp":"2026-01-22T13:15:33.725819Z","level":"info","event":"\u001b[0m13:15:33    warehouse: SNOWFLAKE_LEARNING_WH","logger":"airflow.task.operators.airflow.providers.docker.operators.docker.DockerOperator","filename":"docker.py","lineno":66}
{"timestamp":"2026-01-22T13:15:33.725860Z","level":"info","event":"\u001b[0m13:15:33    role: ACCOUNTADMIN","logger":"airflow.task.operators.airflow.providers.docker.operators.docker.DockerOperator","filename":"docker.py","lineno":66}
{"timestamp":"2026-01-22T13:15:33.725886Z","level":"info","event":"\u001b[0m13:15:33    schema: CAPSTONE_AMAZON_RAW","logger":"airflow.task.operators.airflow.providers.docker.operators.docker.DockerOperator","filename":"docker.py","lineno":66}
{"timestamp":"2026-01-22T13:15:33.725908Z","level":"info","event":"\u001b[0m13:15:33    authenticator: None","logger":"airflow.task.operators.airflow.providers.docker.operators.docker.DockerOperator","filename":"docker.py","lineno":66}
{"timestamp":"2026-01-22T13:15:33.726057Z","level":"info","event":"\u001b[0m13:15:33    oauth_client_id: None","logger":"airflow.task.operators.airflow.providers.docker.operators.docker.DockerOperator","filename":"docker.py","lineno":66}
{"timestamp":"2026-01-22T13:15:33.726078Z","level":"info","event":"\u001b[0m13:15:33    query_tag: None","logger":"airflow.task.operators.airflow.providers.docker.operators.docker.DockerOperator","filename":"docker.py","lineno":66}
{"timestamp":"2026-01-22T13:15:33.726090Z","level":"info","event":"\u001b[0m13:15:33    client_session_keep_alive: False","logger":"airflow.task.operators.airflow.providers.docker.operators.docker.DockerOperator","filename":"docker.py","lineno":66}
{"timestamp":"2026-01-22T13:15:33.726133Z","level":"info","event":"\u001b[0m13:15:33    host: None","logger":"airflow.task.operators.airflow.providers.docker.operators.docker.DockerOperator","filename":"docker.py","lineno":66}
{"timestamp":"2026-01-22T13:15:33.726234Z","level":"info","event":"\u001b[0m13:15:33    port: None","logger":"airflow.task.operators.airflow.providers.docker.operators.docker.DockerOperator","filename":"docker.py","lineno":66}
{"timestamp":"2026-01-22T13:15:33.726260Z","level":"info","event":"\u001b[0m13:15:33    proxy_host: None","logger":"airflow.task.operators.airflow.providers.docker.operators.docker.DockerOperator","filename":"docker.py","lineno":66}
{"timestamp":"2026-01-22T13:15:33.726385Z","level":"info","event":"\u001b[0m13:15:33    proxy_port: None","logger":"airflow.task.operators.airflow.providers.docker.operators.docker.DockerOperator","filename":"docker.py","lineno":66}
{"timestamp":"2026-01-22T13:15:33.726644Z","level":"info","event":"\u001b[0m13:15:33    protocol: None","logger":"airflow.task.operators.airflow.providers.docker.operators.docker.DockerOperator","filename":"docker.py","lineno":66}
{"timestamp":"2026-01-22T13:15:33.726741Z","level":"info","event":"\u001b[0m13:15:33    connect_retries: 1","logger":"airflow.task.operators.airflow.providers.docker.operators.docker.DockerOperator","filename":"docker.py","lineno":66}
{"timestamp":"2026-01-22T13:15:33.726993Z","level":"info","event":"\u001b[0m13:15:33    connect_timeout: None","logger":"airflow.task.operators.airflow.providers.docker.operators.docker.DockerOperator","filename":"docker.py","lineno":66}
{"timestamp":"2026-01-22T13:15:33.727110Z","level":"info","event":"\u001b[0m13:15:33    retry_on_database_errors: False","logger":"airflow.task.operators.airflow.providers.docker.operators.docker.DockerOperator","filename":"docker.py","lineno":66}
{"timestamp":"2026-01-22T13:15:33.727221Z","level":"info","event":"\u001b[0m13:15:33    retry_all: False","logger":"airflow.task.operators.airflow.providers.docker.operators.docker.DockerOperator","filename":"docker.py","lineno":66}
{"timestamp":"2026-01-22T13:15:33.727360Z","level":"info","event":"\u001b[0m13:15:33    insecure_mode: False","logger":"airflow.task.operators.airflow.providers.docker.operators.docker.DockerOperator","filename":"docker.py","lineno":66}
{"timestamp":"2026-01-22T13:15:33.727394Z","level":"info","event":"\u001b[0m13:15:33    reuse_connections: True","logger":"airflow.task.operators.airflow.providers.docker.operators.docker.DockerOperator","filename":"docker.py","lineno":66}
{"timestamp":"2026-01-22T13:15:33.727420Z","level":"info","event":"\u001b[0m13:15:33    s3_stage_vpce_dns_name: None","logger":"airflow.task.operators.airflow.providers.docker.operators.docker.DockerOperator","filename":"docker.py","lineno":66}
{"timestamp":"2026-01-22T13:15:33.727441Z","level":"info","event":"\u001b[0m13:15:33    platform_detection_timeout_seconds: 0.0","logger":"airflow.task.operators.airflow.providers.docker.operators.docker.DockerOperator","filename":"docker.py","lineno":66}
{"timestamp":"2026-01-22T13:15:33.727703Z","level":"info","event":"\u001b[0m13:15:33  Registered adapter: snowflake=1.11.1","logger":"airflow.task.operators.airflow.providers.docker.operators.docker.DockerOperator","filename":"docker.py","lineno":66}
{"timestamp":"2026-01-22T13:15:34.957612Z","level":"info","event":"\u001b[0m13:15:34    Connection test: [\u001b[32mOK connection ok\u001b[0m]","logger":"airflow.task.operators.airflow.providers.docker.operators.docker.DockerOperator","filename":"docker.py","lineno":66}
{"timestamp":"2026-01-22T13:15:34.958620Z","level":"info","event":"","logger":"airflow.task.operators.airflow.providers.docker.operators.docker.DockerOperator","filename":"docker.py","lineno":66}
{"timestamp":"2026-01-22T13:15:34.958731Z","level":"info","event":"\u001b[0m13:15:34  \u001b[32mAll checks passed!\u001b[0m","logger":"airflow.task.operators.airflow.providers.docker.operators.docker.DockerOperator","filename":"docker.py","lineno":66}
{"timestamp":"2026-01-22T13:15:37.871853Z","level":"info","event":"Pushing xcom","ti":"RuntimeTaskInstance(id=UUID('019be5ca-6303-7315-9f4b-1e2387d54378'), task_id='dbt_debug', dag_id='capstone_dbt_polling', run_id='scheduled__2026-01-22T13:00:00+00:00', try_number=1, dag_version_id=UUID('019bdc0c-c68d-78e1-bf25-c1941b809fd7'), map_index=-1, hostname='054afb12e290', context_carrier={}, task=<Task(DockerOperator): dbt_debug>, bundle_instance=LocalDagBundle(name=dags-folder), max_tries=0, start_date=datetime.datetime(2026, 1, 22, 13, 15, 31, 514870, tzinfo=datetime.timezone.utc), end_date=None, state=<TaskInstanceState.RUNNING: 'running'>, is_mapped=False, rendered_map_index=None)","logger":"task","filename":"task_runner.py","lineno":1352}
