{"timestamp":"2026-01-19T16:10:12.835898Z","level":"info","event":"DAG bundles loaded: dags-folder","logger":"airflow.dag_processing.bundles.manager.DagBundlesManager","filename":"manager.py","lineno":179}
{"timestamp":"2026-01-19T16:10:12.836763Z","level":"info","event":"Filling up the DagBag from /opt/airflow/dags/dbt_capstone_debug.py","logger":"airflow.models.dagbag.DagBag","filename":"dagbag.py","lineno":593}
{"timestamp":"2026-01-19T16:10:13.143532Z","level":"info","event":"Starting docker container from image deelenv/amazon-reviews-dbt:latest","logger":"airflow.task.operators.airflow.providers.docker.operators.docker.DockerOperator","filename":"docker.py","lineno":355}
{"timestamp":"2026-01-19T16:10:15.016818Z","level":"info","event":"\u001b[0m16:10:15  Running with dbt=1.11.2","logger":"airflow.task.operators.airflow.providers.docker.operators.docker.DockerOperator","filename":"docker.py","lineno":66}
{"timestamp":"2026-01-19T16:10:15.025306Z","level":"info","event":"\u001b[0m16:10:15  dbt version: 1.11.2","logger":"airflow.task.operators.airflow.providers.docker.operators.docker.DockerOperator","filename":"docker.py","lineno":66}
{"timestamp":"2026-01-19T16:10:15.025433Z","level":"info","event":"\u001b[0m16:10:15  python version: 3.11.14","logger":"airflow.task.operators.airflow.providers.docker.operators.docker.DockerOperator","filename":"docker.py","lineno":66}
{"timestamp":"2026-01-19T16:10:15.025484Z","level":"info","event":"\u001b[0m16:10:15  python path: /usr/local/bin/python3.11","logger":"airflow.task.operators.airflow.providers.docker.operators.docker.DockerOperator","filename":"docker.py","lineno":66}
{"timestamp":"2026-01-19T16:10:15.025534Z","level":"info","event":"\u001b[0m16:10:15  os info: Linux-6.12.54-linuxkit-aarch64-with-glibc2.41","logger":"airflow.task.operators.airflow.providers.docker.operators.docker.DockerOperator","filename":"docker.py","lineno":66}
{"timestamp":"2026-01-19T16:10:15.322151Z","level":"info","event":"\u001b[0m16:10:15  Using profiles dir at /root/.dbt","logger":"airflow.task.operators.airflow.providers.docker.operators.docker.DockerOperator","filename":"docker.py","lineno":66}
{"timestamp":"2026-01-19T16:10:15.322297Z","level":"info","event":"\u001b[0m16:10:15  Using profiles.yml file at /root/.dbt/profiles.yml","logger":"airflow.task.operators.airflow.providers.docker.operators.docker.DockerOperator","filename":"docker.py","lineno":66}
{"timestamp":"2026-01-19T16:10:15.322336Z","level":"info","event":"\u001b[0m16:10:15  Using dbt_project.yml file at /app/reviews_pipeline_orchestration/dbt_project.yml","logger":"airflow.task.operators.airflow.providers.docker.operators.docker.DockerOperator","filename":"docker.py","lineno":66}
{"timestamp":"2026-01-19T16:10:15.322381Z","level":"info","event":"\u001b[0m16:10:15  adapter type: snowflake","logger":"airflow.task.operators.airflow.providers.docker.operators.docker.DockerOperator","filename":"docker.py","lineno":66}
{"timestamp":"2026-01-19T16:10:15.322463Z","level":"info","event":"\u001b[0m16:10:15  adapter version: 1.11.1","logger":"airflow.task.operators.airflow.providers.docker.operators.docker.DockerOperator","filename":"docker.py","lineno":66}
{"timestamp":"2026-01-19T16:10:15.366742Z","level":"info","event":"\u001b[0m16:10:15  Configuration:","logger":"airflow.task.operators.airflow.providers.docker.operators.docker.DockerOperator","filename":"docker.py","lineno":66}
{"timestamp":"2026-01-19T16:10:15.366835Z","level":"info","event":"\u001b[0m16:10:15    profiles.yml file [\u001b[32mOK found and valid\u001b[0m]","logger":"airflow.task.operators.airflow.providers.docker.operators.docker.DockerOperator","filename":"docker.py","lineno":66}
{"timestamp":"2026-01-19T16:10:15.366894Z","level":"info","event":"\u001b[0m16:10:15    dbt_project.yml file [\u001b[32mOK found and valid\u001b[0m]","logger":"airflow.task.operators.airflow.providers.docker.operators.docker.DockerOperator","filename":"docker.py","lineno":66}
{"timestamp":"2026-01-19T16:10:15.366928Z","level":"info","event":"\u001b[0m16:10:15  Required dependencies:","logger":"airflow.task.operators.airflow.providers.docker.operators.docker.DockerOperator","filename":"docker.py","lineno":66}
{"timestamp":"2026-01-19T16:10:15.373385Z","level":"info","event":"\u001b[0m16:10:15   - git [\u001b[32mOK found\u001b[0m]","logger":"airflow.task.operators.airflow.providers.docker.operators.docker.DockerOperator","filename":"docker.py","lineno":66}
{"timestamp":"2026-01-19T16:10:15.373464Z","level":"info","event":"\u001b[0m16:10:15  Connection:","logger":"airflow.task.operators.airflow.providers.docker.operators.docker.DockerOperator","filename":"docker.py","lineno":66}
{"timestamp":"2026-01-19T16:10:15.373503Z","level":"info","event":"\u001b[0m16:10:15    account: CETQJVF-SN29629","logger":"airflow.task.operators.airflow.providers.docker.operators.docker.DockerOperator","filename":"docker.py","lineno":66}
{"timestamp":"2026-01-19T16:10:15.373533Z","level":"info","event":"\u001b[0m16:10:15    user: DEELENV","logger":"airflow.task.operators.airflow.providers.docker.operators.docker.DockerOperator","filename":"docker.py","lineno":66}
{"timestamp":"2026-01-19T16:10:15.373575Z","level":"info","event":"\u001b[0m16:10:15    database: CAPSTONE_AMAZON_DB","logger":"airflow.task.operators.airflow.providers.docker.operators.docker.DockerOperator","filename":"docker.py","lineno":66}
{"timestamp":"2026-01-19T16:10:15.373617Z","level":"info","event":"\u001b[0m16:10:15    warehouse: SNOWFLAKE_LEARNING_WH","logger":"airflow.task.operators.airflow.providers.docker.operators.docker.DockerOperator","filename":"docker.py","lineno":66}
{"timestamp":"2026-01-19T16:10:15.373648Z","level":"info","event":"\u001b[0m16:10:15    role: ACCOUNTADMIN","logger":"airflow.task.operators.airflow.providers.docker.operators.docker.DockerOperator","filename":"docker.py","lineno":66}
{"timestamp":"2026-01-19T16:10:15.373670Z","level":"info","event":"\u001b[0m16:10:15    schema: CAPSTONE_AMAZON_RAW","logger":"airflow.task.operators.airflow.providers.docker.operators.docker.DockerOperator","filename":"docker.py","lineno":66}
{"timestamp":"2026-01-19T16:10:15.373708Z","level":"info","event":"\u001b[0m16:10:15    authenticator: None","logger":"airflow.task.operators.airflow.providers.docker.operators.docker.DockerOperator","filename":"docker.py","lineno":66}
{"timestamp":"2026-01-19T16:10:15.373767Z","level":"info","event":"\u001b[0m16:10:15    oauth_client_id: None","logger":"airflow.task.operators.airflow.providers.docker.operators.docker.DockerOperator","filename":"docker.py","lineno":66}
{"timestamp":"2026-01-19T16:10:15.374028Z","level":"info","event":"\u001b[0m16:10:15    query_tag: None","logger":"airflow.task.operators.airflow.providers.docker.operators.docker.DockerOperator","filename":"docker.py","lineno":66}
{"timestamp":"2026-01-19T16:10:15.374080Z","level":"info","event":"\u001b[0m16:10:15    client_session_keep_alive: False","logger":"airflow.task.operators.airflow.providers.docker.operators.docker.DockerOperator","filename":"docker.py","lineno":66}
{"timestamp":"2026-01-19T16:10:15.374280Z","level":"info","event":"\u001b[0m16:10:15    host: None","logger":"airflow.task.operators.airflow.providers.docker.operators.docker.DockerOperator","filename":"docker.py","lineno":66}
{"timestamp":"2026-01-19T16:10:15.374321Z","level":"info","event":"\u001b[0m16:10:15    port: None","logger":"airflow.task.operators.airflow.providers.docker.operators.docker.DockerOperator","filename":"docker.py","lineno":66}
{"timestamp":"2026-01-19T16:10:15.374340Z","level":"info","event":"\u001b[0m16:10:15    proxy_host: None","logger":"airflow.task.operators.airflow.providers.docker.operators.docker.DockerOperator","filename":"docker.py","lineno":66}
{"timestamp":"2026-01-19T16:10:15.374557Z","level":"info","event":"\u001b[0m16:10:15    proxy_port: None","logger":"airflow.task.operators.airflow.providers.docker.operators.docker.DockerOperator","filename":"docker.py","lineno":66}
{"timestamp":"2026-01-19T16:10:15.374695Z","level":"info","event":"\u001b[0m16:10:15    protocol: None","logger":"airflow.task.operators.airflow.providers.docker.operators.docker.DockerOperator","filename":"docker.py","lineno":66}
{"timestamp":"2026-01-19T16:10:15.374726Z","level":"info","event":"\u001b[0m16:10:15    connect_retries: 1","logger":"airflow.task.operators.airflow.providers.docker.operators.docker.DockerOperator","filename":"docker.py","lineno":66}
{"timestamp":"2026-01-19T16:10:15.374760Z","level":"info","event":"\u001b[0m16:10:15    connect_timeout: None","logger":"airflow.task.operators.airflow.providers.docker.operators.docker.DockerOperator","filename":"docker.py","lineno":66}
{"timestamp":"2026-01-19T16:10:15.374795Z","level":"info","event":"\u001b[0m16:10:15    retry_on_database_errors: False","logger":"airflow.task.operators.airflow.providers.docker.operators.docker.DockerOperator","filename":"docker.py","lineno":66}
{"timestamp":"2026-01-19T16:10:15.374814Z","level":"info","event":"\u001b[0m16:10:15    retry_all: False","logger":"airflow.task.operators.airflow.providers.docker.operators.docker.DockerOperator","filename":"docker.py","lineno":66}
{"timestamp":"2026-01-19T16:10:15.375022Z","level":"info","event":"\u001b[0m16:10:15    insecure_mode: False","logger":"airflow.task.operators.airflow.providers.docker.operators.docker.DockerOperator","filename":"docker.py","lineno":66}
{"timestamp":"2026-01-19T16:10:15.375060Z","level":"info","event":"\u001b[0m16:10:15    reuse_connections: True","logger":"airflow.task.operators.airflow.providers.docker.operators.docker.DockerOperator","filename":"docker.py","lineno":66}
{"timestamp":"2026-01-19T16:10:15.375318Z","level":"info","event":"\u001b[0m16:10:15    s3_stage_vpce_dns_name: None","logger":"airflow.task.operators.airflow.providers.docker.operators.docker.DockerOperator","filename":"docker.py","lineno":66}
{"timestamp":"2026-01-19T16:10:15.375357Z","level":"info","event":"\u001b[0m16:10:15    platform_detection_timeout_seconds: 0.0","logger":"airflow.task.operators.airflow.providers.docker.operators.docker.DockerOperator","filename":"docker.py","lineno":66}
{"timestamp":"2026-01-19T16:10:15.375483Z","level":"info","event":"\u001b[0m16:10:15  Registered adapter: snowflake=1.11.1","logger":"airflow.task.operators.airflow.providers.docker.operators.docker.DockerOperator","filename":"docker.py","lineno":66}
{"timestamp":"2026-01-19T16:10:17.361658Z","level":"info","event":"\u001b[0m16:10:17    Connection test: [\u001b[32mOK connection ok\u001b[0m]","logger":"airflow.task.operators.airflow.providers.docker.operators.docker.DockerOperator","filename":"docker.py","lineno":66}
{"timestamp":"2026-01-19T16:10:17.362076Z","level":"info","event":"\u001b[0m16:10:17  \u001b[32mAll checks passed!\u001b[0m","logger":"airflow.task.operators.airflow.providers.docker.operators.docker.DockerOperator","filename":"docker.py","lineno":66}
{"timestamp":"2026-01-19T16:10:18.983014Z","level":"info","event":"Pushing xcom","ti":"RuntimeTaskInstance(id=UUID('019bd705-59d1-789e-94ce-fecf906041a3'), task_id='dbt_debug', dag_id='capstone_dbt_debug', run_id='manual__2026-01-19T16:10:07+00:00', try_number=1, dag_version_id=UUID('019bd702-ac8b-7d92-a203-007596506ace'), map_index=-1, hostname='a51a6077ed28', context_carrier={}, task=<Task(DockerOperator): dbt_debug>, bundle_instance=LocalDagBundle(name=dags-folder), max_tries=0, start_date=datetime.datetime(2026, 1, 19, 16, 10, 11, 812973, tzinfo=datetime.timezone.utc), end_date=None, state=<TaskInstanceState.RUNNING: 'running'>, is_mapped=False, rendered_map_index=None)","logger":"task","filename":"task_runner.py","lineno":1352}
